Archive member included to satisfy reference by file (symbol)

/usr/bin/../lib/gcc/arm-none-eabi/7.3.1/../../../../arm-none-eabi/lib/thumb/v7e-m/fpv4-sp/hard/libc_nano.a(lib_a-exit.o)
                              /usr/bin/../lib/gcc/arm-none-eabi/7.3.1/../../../../arm-none-eabi/lib/thumb/v7e-m/fpv4-sp/hard/crt0.o (exit)
/usr/bin/../lib/gcc/arm-none-eabi/7.3.1/../../../../arm-none-eabi/lib/thumb/v7e-m/fpv4-sp/hard/libc_nano.a(lib_a-impure.o)
                              /usr/bin/../lib/gcc/arm-none-eabi/7.3.1/../../../../arm-none-eabi/lib/thumb/v7e-m/fpv4-sp/hard/libc_nano.a(lib_a-exit.o) (_global_impure_ptr)
/usr/bin/../lib/gcc/arm-none-eabi/7.3.1/../../../../arm-none-eabi/lib/thumb/v7e-m/fpv4-sp/hard/libc_nano.a(lib_a-init.o)
                              /usr/bin/../lib/gcc/arm-none-eabi/7.3.1/../../../../arm-none-eabi/lib/thumb/v7e-m/fpv4-sp/hard/crt0.o (__libc_init_array)
/usr/bin/../lib/gcc/arm-none-eabi/7.3.1/../../../../arm-none-eabi/lib/thumb/v7e-m/fpv4-sp/hard/libc_nano.a(lib_a-malloc.o)
                              build/usbd_cdc.o (malloc)
/usr/bin/../lib/gcc/arm-none-eabi/7.3.1/../../../../arm-none-eabi/lib/thumb/v7e-m/fpv4-sp/hard/libc_nano.a(lib_a-memset.o)
                              /usr/bin/../lib/gcc/arm-none-eabi/7.3.1/../../../../arm-none-eabi/lib/thumb/v7e-m/fpv4-sp/hard/crt0.o (memset)
/usr/bin/../lib/gcc/arm-none-eabi/7.3.1/../../../../arm-none-eabi/lib/thumb/v7e-m/fpv4-sp/hard/libc_nano.a(lib_a-nano-freer.o)
                              /usr/bin/../lib/gcc/arm-none-eabi/7.3.1/../../../../arm-none-eabi/lib/thumb/v7e-m/fpv4-sp/hard/libc_nano.a(lib_a-malloc.o) (_free_r)
/usr/bin/../lib/gcc/arm-none-eabi/7.3.1/../../../../arm-none-eabi/lib/thumb/v7e-m/fpv4-sp/hard/libc_nano.a(lib_a-nano-mallocr.o)
                              /usr/bin/../lib/gcc/arm-none-eabi/7.3.1/../../../../arm-none-eabi/lib/thumb/v7e-m/fpv4-sp/hard/libc_nano.a(lib_a-malloc.o) (_malloc_r)
/usr/bin/../lib/gcc/arm-none-eabi/7.3.1/../../../../arm-none-eabi/lib/thumb/v7e-m/fpv4-sp/hard/libc_nano.a(lib_a-sbrkr.o)
                              /usr/bin/../lib/gcc/arm-none-eabi/7.3.1/../../../../arm-none-eabi/lib/thumb/v7e-m/fpv4-sp/hard/libc_nano.a(lib_a-nano-mallocr.o) (_sbrk_r)
/usr/bin/../lib/gcc/arm-none-eabi/7.3.1/../../../../arm-none-eabi/lib/thumb/v7e-m/fpv4-sp/hard/libc_nano.a(lib_a-mlock.o)
                              /usr/bin/../lib/gcc/arm-none-eabi/7.3.1/../../../../arm-none-eabi/lib/thumb/v7e-m/fpv4-sp/hard/libc_nano.a(lib_a-nano-freer.o) (__malloc_lock)
/usr/bin/../lib/gcc/arm-none-eabi/7.3.1/../../../../arm-none-eabi/lib/thumb/v7e-m/fpv4-sp/hard/libc_nano.a(lib_a-reent.o)
                              /usr/bin/../lib/gcc/arm-none-eabi/7.3.1/../../../../arm-none-eabi/lib/thumb/v7e-m/fpv4-sp/hard/libc_nano.a(lib_a-sbrkr.o) (errno)
/usr/bin/../lib/gcc/arm-none-eabi/7.3.1/../../../../arm-none-eabi/lib/thumb/v7e-m/fpv4-sp/hard/libnosys.a(sbrk.o)
                              /usr/bin/../lib/gcc/arm-none-eabi/7.3.1/../../../../arm-none-eabi/lib/thumb/v7e-m/fpv4-sp/hard/libc_nano.a(lib_a-sbrkr.o) (_sbrk)
/usr/bin/../lib/gcc/arm-none-eabi/7.3.1/../../../../arm-none-eabi/lib/thumb/v7e-m/fpv4-sp/hard/libnosys.a(_exit.o)
                              /usr/bin/../lib/gcc/arm-none-eabi/7.3.1/../../../../arm-none-eabi/lib/thumb/v7e-m/fpv4-sp/hard/libc_nano.a(lib_a-exit.o) (_exit)
/usr/bin/../lib/gcc/arm-none-eabi/7.3.1/thumb/v7e-m/fpv4-sp/hard/libgcc.a(_aeabi_uldivmod.o)
                              build/stm32f4xx_hal_rcc.o (__aeabi_uldivmod)
/usr/bin/../lib/gcc/arm-none-eabi/7.3.1/thumb/v7e-m/fpv4-sp/hard/libgcc.a(_udivmoddi4.o)
                              /usr/bin/../lib/gcc/arm-none-eabi/7.3.1/thumb/v7e-m/fpv4-sp/hard/libgcc.a(_aeabi_uldivmod.o) (__udivmoddi4)
/usr/bin/../lib/gcc/arm-none-eabi/7.3.1/thumb/v7e-m/fpv4-sp/hard/libgcc.a(_dvmd_tls.o)
                              /usr/bin/../lib/gcc/arm-none-eabi/7.3.1/thumb/v7e-m/fpv4-sp/hard/libgcc.a(_aeabi_uldivmod.o) (__aeabi_ldiv0)

Allocating common symbols
Common symbol       size              file

arr                 0x6000            build/sampling.o
hUsbDeviceFS        0x29c             build/usb_device.o
errno               0x4               /usr/bin/../lib/gcc/arm-none-eabi/7.3.1/../../../../arm-none-eabi/lib/thumb/v7e-m/fpv4-sp/hard/libc_nano.a(lib_a-reent.o)
hpcd_USB_OTG_FS     0x408             build/usbd_conf.o
uwTick              0x4               build/stm32f4xx_hal.o
pFlash              0x20              build/stm32f4xx_hal_flash.o
UserRxBufferFS      0x40              build/usbd_cdc_if.o
samplingRam         0x6000            build/sampling.o
UserTxBufferFS      0x40              build/usbd_cdc_if.o
triggerValue        0x4               build/main.o
period              0x2               build/main.o
transferSize        0x4               build/main.o
flags               0x2               build/main.o
USBD_StrDesc        0x200             build/usbd_desc.o
triggerMask         0x4               build/main.o

Discarded input sections

[...]
Memory Configuration

Name             Origin             Length             Attributes
RAM              0x0000000020000000 0x0000000000020000 xrw
CCMRAM           0x0000000010000000 0x0000000000010000 rw
FLASH            0x0000000008000000 0x0000000000100000 xr
*default*        0x0000000000000000 0xffffffffffffffff

Linker script and memory map

LOAD /usr/bin/../lib/gcc/arm-none-eabi/7.3.1/thumb/v7e-m/fpv4-sp/hard/crti.o
LOAD /usr/bin/../lib/gcc/arm-none-eabi/7.3.1/thumb/v7e-m/fpv4-sp/hard/crtbegin.o
LOAD /usr/bin/../lib/gcc/arm-none-eabi/7.3.1/../../../../arm-none-eabi/lib/thumb/v7e-m/fpv4-sp/hard/crt0.o
LOAD build/main.o
LOAD build/usb_device.o
LOAD build/usbd_conf.o
LOAD build/usbd_desc.o
LOAD build/usbd_cdc_if.o
LOAD build/stm32f4xx_it.o
LOAD build/stm32f4xx_hal_msp.o
LOAD build/stm32f4xx_hal_pcd.o
LOAD build/stm32f4xx_hal_pcd_ex.o
LOAD build/stm32f4xx_ll_usb.o
LOAD build/stm32f4xx_hal_rcc.o
LOAD build/stm32f4xx_hal_rcc_ex.o
LOAD build/stm32f4xx_hal_flash.o
LOAD build/stm32f4xx_hal_flash_ex.o
LOAD build/stm32f4xx_hal_flash_ramfunc.o
LOAD build/stm32f4xx_hal_gpio.o
LOAD build/stm32f4xx_hal_dma_ex.o
LOAD build/stm32f4xx_hal_dma.o
LOAD build/stm32f4xx_hal_pwr.o
LOAD build/stm32f4xx_hal_pwr_ex.o
LOAD build/stm32f4xx_hal_cortex.o
LOAD build/stm32f4xx_hal.o
LOAD build/stm32f4xx_hal_exti.o
LOAD build/stm32f4xx_hal_tim.o
LOAD build/stm32f4xx_hal_tim_ex.o
LOAD build/system_stm32f4xx.o
LOAD build/usbd_core.o
LOAD build/usbd_ctlreq.o
LOAD build/usbd_ioreq.o
LOAD build/usbd_cdc.o
LOAD build/sump.o
LOAD build/sampling.o
LOAD build/startup_stm32f407xx.o
LOAD /usr/bin/../lib/gcc/arm-none-eabi/7.3.1/../../../../arm-none-eabi/lib/thumb/v7e-m/fpv4-sp/hard/libc_nano.a
LOAD /usr/bin/../lib/gcc/arm-none-eabi/7.3.1/../../../../arm-none-eabi/lib/thumb/v7e-m/fpv4-sp/hard/libm.a
LOAD /usr/bin/../lib/gcc/arm-none-eabi/7.3.1/../../../../arm-none-eabi/lib/thumb/v7e-m/fpv4-sp/hard/libnosys.a
START GROUP
LOAD /usr/bin/../lib/gcc/arm-none-eabi/7.3.1/thumb/v7e-m/fpv4-sp/hard/libgcc.a
LOAD /usr/bin/../lib/gcc/arm-none-eabi/7.3.1/../../../../arm-none-eabi/lib/thumb/v7e-m/fpv4-sp/hard/libc_nano.a
END GROUP
START GROUP
LOAD /usr/bin/../lib/gcc/arm-none-eabi/7.3.1/thumb/v7e-m/fpv4-sp/hard/libgcc.a
LOAD /usr/bin/../lib/gcc/arm-none-eabi/7.3.1/../../../../arm-none-eabi/lib/thumb/v7e-m/fpv4-sp/hard/libc_nano.a
END GROUP
LOAD /usr/bin/../lib/gcc/arm-none-eabi/7.3.1/thumb/v7e-m/fpv4-sp/hard/crtend.o
LOAD /usr/bin/../lib/gcc/arm-none-eabi/7.3.1/thumb/v7e-m/fpv4-sp/hard/crtn.o
                0x0000000020020000                _estack = 0x20020000
                0x0000000000000600                _Min_Heap_Size = 0x600
                0x0000000000000400                _Min_Stack_Size = 0x400

.isr_vector     0x0000000008000000      0x188
                0x0000000008000000                . = ALIGN (0x4)
 *(.isr_vector)
 .isr_vector    0x0000000008000000      0x188 build/startup_stm32f407xx.o
                0x0000000008000000                g_pfnVectors
                0x0000000008000188                . = ALIGN (0x4)

.text           0x0000000008000188     0x6b0c
                0x0000000008000188                . = ALIGN (0x4)
 *(.text)
 .text          0x0000000008000188       0x40 /usr/bin/../lib/gcc/arm-none-eabi/7.3.1/thumb/v7e-m/fpv4-sp/hard/crtbegin.o
 .text          0x00000000080001c8       0x30 /usr/bin/../lib/gcc/arm-none-eabi/7.3.1/thumb/v7e-m/fpv4-sp/hard/libgcc.a(_aeabi_uldivmod.o)
                0x00000000080001c8                __aeabi_uldivmod
 .text          0x00000000080001f8      0x2cc /usr/bin/../lib/gcc/arm-none-eabi/7.3.1/thumb/v7e-m/fpv4-sp/hard/libgcc.a(_udivmoddi4.o)
                0x00000000080001f8                __udivmoddi4
 .text          0x00000000080004c4        0x4 /usr/bin/../lib/gcc/arm-none-eabi/7.3.1/thumb/v7e-m/fpv4-sp/hard/libgcc.a(_dvmd_tls.o)
                0x00000000080004c4                __aeabi_ldiv0
                0x00000000080004c4                __aeabi_idiv0
 *(.text*)
 .text.main     0x00000000080004c8       0x22 build/main.o
                0x00000000080004c8                main
 *fill*         0x00000000080004ea        0x2 
 .text.SystemClock_Config
                0x00000000080004ec       0xd4 build/main.o
                0x00000000080004ec                SystemClock_Config
 .text.MX_GPIO_Init
                0x00000000080005c0       0x50 build/main.o
 .text.Init     0x0000000008000610       0x5c build/main.o
                0x0000000008000610                Init
 .text.Error_Handler
                0x000000000800066c        0xe build/main.o
                0x000000000800066c                Error_Handler
 *fill*         0x000000000800067a        0x2 
 .text.MX_USB_DEVICE_Init
                0x000000000800067c       0x60 build/usb_device.o
                0x000000000800067c                MX_USB_DEVICE_Init
 .text.HAL_PCD_MspInit
                0x00000000080006dc       0xa8 build/usbd_conf.o
                0x00000000080006dc                HAL_PCD_MspInit
 .text.HAL_PCD_SetupStageCallback
                0x0000000008000784       0x24 build/usbd_conf.o
                0x0000000008000784                HAL_PCD_SetupStageCallback
 .text.HAL_PCD_DataOutStageCallback
                0x00000000080007a8       0x36 build/usbd_conf.o
                0x00000000080007a8                HAL_PCD_DataOutStageCallback
 .text.HAL_PCD_DataInStageCallback
                0x00000000080007de       0x34 build/usbd_conf.o
                0x00000000080007de                HAL_PCD_DataInStageCallback
 .text.HAL_PCD_SOFCallback
                0x0000000008000812       0x1c build/usbd_conf.o
                0x0000000008000812                HAL_PCD_SOFCallback
 .text.HAL_PCD_ResetCallback
                0x000000000800082e       0x50 build/usbd_conf.o
                0x000000000800082e                HAL_PCD_ResetCallback
 *fill*         0x000000000800087e        0x2 
 .text.HAL_PCD_SuspendCallback
                0x0000000008000880       0x4c build/usbd_conf.o
                0x0000000008000880                HAL_PCD_SuspendCallback
 .text.HAL_PCD_ResumeCallback
                0x00000000080008cc       0x1c build/usbd_conf.o
                0x00000000080008cc                HAL_PCD_ResumeCallback
 .text.HAL_PCD_ISOOUTIncompleteCallback
                0x00000000080008e8       0x24 build/usbd_conf.o
                0x00000000080008e8                HAL_PCD_ISOOUTIncompleteCallback
 .text.HAL_PCD_ISOINIncompleteCallback
                0x000000000800090c       0x24 build/usbd_conf.o
                0x000000000800090c                HAL_PCD_ISOINIncompleteCallback
 .text.HAL_PCD_ConnectCallback
                0x0000000008000930       0x1c build/usbd_conf.o
                0x0000000008000930                HAL_PCD_ConnectCallback
 .text.HAL_PCD_DisconnectCallback
                0x000000000800094c       0x1c build/usbd_conf.o
                0x000000000800094c                HAL_PCD_DisconnectCallback
 .text.USBD_LL_Init
                0x0000000008000968       0x98 build/usbd_conf.o
                0x0000000008000968                USBD_LL_Init
 .text.USBD_LL_Start
                0x0000000008000a00       0x36 build/usbd_conf.o
                0x0000000008000a00                USBD_LL_Start
 .text.USBD_LL_OpenEP
                0x0000000008000a36       0x4c build/usbd_conf.o
                0x0000000008000a36                USBD_LL_OpenEP
 .text.USBD_LL_CloseEP
                0x0000000008000a82       0x3e build/usbd_conf.o
                0x0000000008000a82                USBD_LL_CloseEP
 .text.USBD_LL_StallEP
                0x0000000008000ac0       0x3e build/usbd_conf.o
                0x0000000008000ac0                USBD_LL_StallEP
 .text.USBD_LL_ClearStallEP
                0x0000000008000afe       0x3e build/usbd_conf.o
                0x0000000008000afe                USBD_LL_ClearStallEP
 .text.USBD_LL_IsStallEP
                0x0000000008000b3c       0x58 build/usbd_conf.o
                0x0000000008000b3c                USBD_LL_IsStallEP
 .text.USBD_LL_SetUSBAddress
                0x0000000008000b94       0x3e build/usbd_conf.o
                0x0000000008000b94                USBD_LL_SetUSBAddress
 .text.USBD_LL_Transmit
                0x0000000008000bd2       0x46 build/usbd_conf.o
                0x0000000008000bd2                USBD_LL_Transmit
 .text.USBD_LL_PrepareReceive
                0x0000000008000c18       0x46 build/usbd_conf.o
                0x0000000008000c18                USBD_LL_PrepareReceive
 .text.USBD_LL_GetRxDataSize
                0x0000000008000c5e       0x26 build/usbd_conf.o
                0x0000000008000c5e                USBD_LL_GetRxDataSize
 .text.USBD_Get_USB_Status
                0x0000000008000c84       0x58 build/usbd_conf.o
                0x0000000008000c84                USBD_Get_USB_Status
 .text.USBD_FS_DeviceDescriptor
                0x0000000008000cdc       0x24 build/usbd_desc.o
                0x0000000008000cdc                USBD_FS_DeviceDescriptor
 .text.USBD_FS_LangIDStrDescriptor
                0x0000000008000d00       0x24 build/usbd_desc.o
                0x0000000008000d00                USBD_FS_LangIDStrDescriptor
 .text.USBD_FS_ProductStrDescriptor
                0x0000000008000d24       0x3c build/usbd_desc.o
                0x0000000008000d24                USBD_FS_ProductStrDescriptor
 .text.USBD_FS_ManufacturerStrDescriptor
                0x0000000008000d60       0x28 build/usbd_desc.o
                0x0000000008000d60                USBD_FS_ManufacturerStrDescriptor
 .text.USBD_FS_SerialStrDescriptor
                0x0000000008000d88       0x24 build/usbd_desc.o
                0x0000000008000d88                USBD_FS_SerialStrDescriptor
 .text.USBD_FS_ConfigStrDescriptor
                0x0000000008000dac       0x3c build/usbd_desc.o
                0x0000000008000dac                USBD_FS_ConfigStrDescriptor
 .text.USBD_FS_InterfaceStrDescriptor
                0x0000000008000de8       0x3c build/usbd_desc.o
                0x0000000008000de8                USBD_FS_InterfaceStrDescriptor
 .text.Get_SerialNum
                0x0000000008000e24       0x58 build/usbd_desc.o
 .text.IntToUnicode
                0x0000000008000e7c       0x7c build/usbd_desc.o
 .text.CDC_Init_FS
                0x0000000008000ef8       0x28 build/usbd_cdc_if.o
 .text.CDC_DeInit_FS
                0x0000000008000f20       0x10 build/usbd_cdc_if.o
 .text.CDC_Control_FS
                0x0000000008000f30      0x15c build/usbd_cdc_if.o
 .text.CDC_Receive_FS
                0x000000000800108c       0x34 build/usbd_cdc_if.o
 .text.CDC_Transmit_FS
                0x00000000080010c0       0x4c build/usbd_cdc_if.o
                0x00000000080010c0                CDC_Transmit_FS
 .text.NMI_Handler
                0x000000000800110c        0xe build/stm32f4xx_it.o
                0x000000000800110c                NMI_Handler
 .text.HardFault_Handler
                0x000000000800111a        0x6 build/stm32f4xx_it.o
                0x000000000800111a                HardFault_Handler
 .text.MemManage_Handler
                0x0000000008001120        0x6 build/stm32f4xx_it.o
                0x0000000008001120                MemManage_Handler
 .text.BusFault_Handler
                0x0000000008001126        0x6 build/stm32f4xx_it.o
                0x0000000008001126                BusFault_Handler
 .text.UsageFault_Handler
                0x000000000800112c        0x6 build/stm32f4xx_it.o
                0x000000000800112c                UsageFault_Handler
 .text.SVC_Handler
                0x0000000008001132        0xe build/stm32f4xx_it.o
                0x0000000008001132                SVC_Handler
 .text.DebugMon_Handler
                0x0000000008001140        0xe build/stm32f4xx_it.o
                0x0000000008001140                DebugMon_Handler
 .text.PendSV_Handler
                0x000000000800114e        0xe build/stm32f4xx_it.o
                0x000000000800114e                PendSV_Handler
 .text.SysTick_Handler
                0x000000000800115c        0xc build/stm32f4xx_it.o
                0x000000000800115c                SysTick_Handler
 .text.OTG_FS_IRQHandler
                0x0000000008001168       0x14 build/stm32f4xx_it.o
                0x0000000008001168                OTG_FS_IRQHandler
 .text.EXTI0_IRQHandler
                0x000000000800117c        0xc build/stm32f4xx_it.o
                0x000000000800117c                EXTI0_IRQHandler
 .text.EXTI1_IRQHandler
                0x0000000008001188        0xc build/stm32f4xx_it.o
                0x0000000008001188                EXTI1_IRQHandler
 .text.EXTI2_IRQHandler
                0x0000000008001194        0xc build/stm32f4xx_it.o
                0x0000000008001194                EXTI2_IRQHandler
 .text.EXTI3_IRQHandler
                0x00000000080011a0        0xc build/stm32f4xx_it.o
                0x00000000080011a0                EXTI3_IRQHandler
 .text.EXTI4_IRQHandler
                0x00000000080011ac        0xc build/stm32f4xx_it.o
                0x00000000080011ac                EXTI4_IRQHandler
 .text.EXTI9_5_IRQHandler
                0x00000000080011b8        0xc build/stm32f4xx_it.o
                0x00000000080011b8                EXTI9_5_IRQHandler
 .text.Handler  0x00000000080011c4       0x48 build/stm32f4xx_it.o
                0x00000000080011c4                Handler
 .text.TIM8_UP_TIM13_IRQHandler
                0x000000000800120c       0x48 build/stm32f4xx_it.o
                0x000000000800120c                TIM8_UP_TIM13_IRQHandler
 .text.HAL_MspInit
                0x0000000008001254       0x50 build/stm32f4xx_hal_msp.o
                0x0000000008001254                HAL_MspInit
 .text.HAL_PCD_Init
                0x00000000080012a4      0x23a build/stm32f4xx_hal_pcd.o
                0x00000000080012a4                HAL_PCD_Init
 .text.HAL_PCD_Start
                0x00000000080014de       0x66 build/stm32f4xx_hal_pcd.o
                0x00000000080014de                HAL_PCD_Start
 .text.HAL_PCD_IRQHandler
                0x0000000008001544      0x746 build/stm32f4xx_hal_pcd.o
                0x0000000008001544                HAL_PCD_IRQHandler
 .text.HAL_PCD_SetAddress
                0x0000000008001c8a       0x4a build/stm32f4xx_hal_pcd.o
                0x0000000008001c8a                HAL_PCD_SetAddress
 .text.HAL_PCD_EP_Open
                0x0000000008001cd4       0xd0 build/stm32f4xx_hal_pcd.o
                0x0000000008001cd4                HAL_PCD_EP_Open
 .text.HAL_PCD_EP_Close
                0x0000000008001da4       0x94 build/stm32f4xx_hal_pcd.o
                0x0000000008001da4                HAL_PCD_EP_Close
 .text.HAL_PCD_EP_Receive
                0x0000000008001e38       0x96 build/stm32f4xx_hal_pcd.o
                0x0000000008001e38                HAL_PCD_EP_Receive
 .text.HAL_PCD_EP_GetRxCount
                0x0000000008001ece       0x30 build/stm32f4xx_hal_pcd.o
                0x0000000008001ece                HAL_PCD_EP_GetRxCount
 .text.HAL_PCD_EP_Transmit
                0x0000000008001efe       0x94 build/stm32f4xx_hal_pcd.o
                0x0000000008001efe                HAL_PCD_EP_Transmit
 .text.HAL_PCD_EP_SetStall
                0x0000000008001f92       0xc8 build/stm32f4xx_hal_pcd.o
                0x0000000008001f92                HAL_PCD_EP_SetStall
 .text.HAL_PCD_EP_ClrStall
                0x000000000800205a       0xac build/stm32f4xx_hal_pcd.o
                0x000000000800205a                HAL_PCD_EP_ClrStall
 .text.PCD_WriteEmptyTxFifo
                0x0000000008002106      0x11a build/stm32f4xx_hal_pcd.o
 .text.PCD_EP_OutXfrComplete_int
                0x0000000008002220      0x210 build/stm32f4xx_hal_pcd.o
 .text.PCD_EP_OutSetupPacket_int
                0x0000000008002430       0xc0 build/stm32f4xx_hal_pcd.o
 .text.HAL_PCDEx_SetTxFiFo
                0x00000000080024f0       0x8e build/stm32f4xx_hal_pcd_ex.o
                0x00000000080024f0                HAL_PCDEx_SetTxFiFo
 .text.HAL_PCDEx_SetRxFiFo
                0x000000000800257e       0x22 build/stm32f4xx_hal_pcd_ex.o
                0x000000000800257e                HAL_PCDEx_SetRxFiFo
 .text.HAL_PCDEx_LPM_Callback
                0x00000000080025a0       0x18 build/stm32f4xx_hal_pcd_ex.o
                0x00000000080025a0                HAL_PCDEx_LPM_Callback
 .text.USB_CoreInit
                0x00000000080025b8       0xc2 build/stm32f4xx_ll_usb.o
                0x00000000080025b8                USB_CoreInit
 *fill*         0x000000000800267a        0x2 
 .text.USB_SetTurnaroundTime
                0x000000000800267c      0x144 build/stm32f4xx_ll_usb.o
                0x000000000800267c                USB_SetTurnaroundTime
 .text.USB_EnableGlobalInt
                0x00000000080027c0       0x22 build/stm32f4xx_ll_usb.o
                0x00000000080027c0                USB_EnableGlobalInt
 .text.USB_DisableGlobalInt
                0x00000000080027e2       0x22 build/stm32f4xx_ll_usb.o
                0x00000000080027e2                USB_DisableGlobalInt
 .text.USB_SetCurrentMode
                0x0000000008002804       0x54 build/stm32f4xx_ll_usb.o
                0x0000000008002804                USB_SetCurrentMode
 .text.USB_DevInit
                0x0000000008002858      0x2e4 build/stm32f4xx_ll_usb.o
                0x0000000008002858                USB_DevInit
 .text.USB_FlushTxFifo
                0x0000000008002b3c       0x4c build/stm32f4xx_ll_usb.o
                0x0000000008002b3c                USB_FlushTxFifo
 .text.USB_FlushRxFifo
                0x0000000008002b88       0x44 build/stm32f4xx_ll_usb.o
                0x0000000008002b88                USB_FlushRxFifo
 .text.USB_SetDevSpeed
                0x0000000008002bcc       0x32 build/stm32f4xx_ll_usb.o
                0x0000000008002bcc                USB_SetDevSpeed
 .text.USB_GetDevSpeed
                0x0000000008002bfe       0x4a build/stm32f4xx_ll_usb.o
                0x0000000008002bfe                USB_GetDevSpeed
 .text.USB_ActivateEndpoint
                0x0000000008002c48      0x10e build/stm32f4xx_ll_usb.o
                0x0000000008002c48                USB_ActivateEndpoint
 *fill*         0x0000000008002d56        0x2 
 .text.USB_DeactivateEndpoint
                0x0000000008002d58      0x108 build/stm32f4xx_ll_usb.o
                0x0000000008002d58                USB_DeactivateEndpoint
 .text.USB_EPStartXfer
                0x0000000008002e60      0x488 build/stm32f4xx_ll_usb.o
                0x0000000008002e60                USB_EPStartXfer
 .text.USB_EP0StartXfer
                0x00000000080032e8      0x2a6 build/stm32f4xx_ll_usb.o
                0x00000000080032e8                USB_EP0StartXfer
 .text.USB_WritePacket
                0x000000000800358e       0x6a build/stm32f4xx_ll_usb.o
                0x000000000800358e                USB_WritePacket
 .text.USB_ReadPacket
                0x00000000080035f8       0x52 build/stm32f4xx_ll_usb.o
                0x00000000080035f8                USB_ReadPacket
 .text.USB_EPSetStall
                0x000000000800364a       0xdc build/stm32f4xx_ll_usb.o
                0x000000000800364a                USB_EPSetStall
 .text.USB_EPClearStall
                0x0000000008003726       0xcc build/stm32f4xx_ll_usb.o
                0x0000000008003726                USB_EPClearStall
 .text.USB_SetDevAddress
                0x00000000080037f2       0x4c build/stm32f4xx_ll_usb.o
                0x00000000080037f2                USB_SetDevAddress
 .text.USB_DevConnect
                0x000000000800383e       0x30 build/stm32f4xx_ll_usb.o
                0x000000000800383e                USB_DevConnect
 .text.USB_DevDisconnect
                0x000000000800386e       0x30 build/stm32f4xx_ll_usb.o
                0x000000000800386e                USB_DevDisconnect
 .text.USB_ReadInterrupts
                0x000000000800389e       0x26 build/stm32f4xx_ll_usb.o
                0x000000000800389e                USB_ReadInterrupts
 .text.USB_ReadDevAllOutEpInterrupt
                0x00000000080038c4       0x34 build/stm32f4xx_ll_usb.o
                0x00000000080038c4                USB_ReadDevAllOutEpInterrupt
 .text.USB_ReadDevAllInEpInterrupt
                0x00000000080038f8       0x34 build/stm32f4xx_ll_usb.o
                0x00000000080038f8                USB_ReadDevAllInEpInterrupt
 .text.USB_ReadDevOutEPInterrupt
                0x000000000800392c       0x3c build/stm32f4xx_ll_usb.o
                0x000000000800392c                USB_ReadDevOutEPInterrupt
 .text.USB_ReadDevInEPInterrupt
                0x0000000008003968       0x5c build/stm32f4xx_ll_usb.o
                0x0000000008003968                USB_ReadDevInEPInterrupt
 .text.USB_GetMode
                0x00000000080039c4       0x1c build/stm32f4xx_ll_usb.o
                0x00000000080039c4                USB_GetMode
 .text.USB_ActivateSetup
                0x00000000080039e0       0x6a build/stm32f4xx_ll_usb.o
                0x00000000080039e0                USB_ActivateSetup
 *fill*         0x0000000008003a4a        0x2 
 .text.USB_EP0_OutStart
                0x0000000008003a4c       0xbc build/stm32f4xx_ll_usb.o
                0x0000000008003a4c                USB_EP0_OutStart
 .text.USB_CoreReset
                0x0000000008003b08       0x68 build/stm32f4xx_ll_usb.o
 .text.HAL_RCC_OscConfig
                0x0000000008003b70      0x4e0 build/stm32f4xx_hal_rcc.o
                0x0000000008003b70                HAL_RCC_OscConfig
 .text.HAL_RCC_ClockConfig
                0x0000000008004050      0x1cc build/stm32f4xx_hal_rcc.o
                0x0000000008004050                HAL_RCC_ClockConfig
 .text.HAL_RCC_GetSysClockFreq
                0x000000000800421c      0x1b0 build/stm32f4xx_hal_rcc.o
                0x000000000800421c                HAL_RCC_GetSysClockFreq
 .text.HAL_RCC_GetHCLKFreq
                0x00000000080043cc       0x18 build/stm32f4xx_hal_rcc.o
                0x00000000080043cc                HAL_RCC_GetHCLKFreq
 .text.HAL_GPIO_Init
                0x00000000080043e4      0x334 build/stm32f4xx_hal_gpio.o
                0x00000000080043e4                HAL_GPIO_Init
 .text.__NVIC_SetPriorityGrouping
                0x0000000008004718       0x48 build/stm32f4xx_hal_cortex.o
 .text.__NVIC_GetPriorityGrouping
                0x0000000008004760       0x1c build/stm32f4xx_hal_cortex.o
 .text.__NVIC_EnableIRQ
                0x000000000800477c       0x3c build/stm32f4xx_hal_cortex.o
 .text.__NVIC_DisableIRQ
                0x00000000080047b8       0x44 build/stm32f4xx_hal_cortex.o
 .text.__NVIC_SetPriority
                0x00000000080047fc       0x54 build/stm32f4xx_hal_cortex.o
 .text.NVIC_EncodePriority
                0x0000000008004850       0x66 build/stm32f4xx_hal_cortex.o
 *fill*         0x00000000080048b6        0x2 
 .text.SysTick_Config
                0x00000000080048b8       0x44 build/stm32f4xx_hal_cortex.o
 .text.HAL_NVIC_SetPriorityGrouping
                0x00000000080048fc       0x16 build/stm32f4xx_hal_cortex.o
                0x00000000080048fc                HAL_NVIC_SetPriorityGrouping
 .text.HAL_NVIC_SetPriority
                0x0000000008004912       0x38 build/stm32f4xx_hal_cortex.o
                0x0000000008004912                HAL_NVIC_SetPriority
 .text.HAL_NVIC_EnableIRQ
                0x000000000800494a       0x1c build/stm32f4xx_hal_cortex.o
                0x000000000800494a                HAL_NVIC_EnableIRQ
 .text.HAL_NVIC_DisableIRQ
                0x0000000008004966       0x1c build/stm32f4xx_hal_cortex.o
                0x0000000008004966                HAL_NVIC_DisableIRQ
 .text.HAL_SYSTICK_Config
                0x0000000008004982       0x18 build/stm32f4xx_hal_cortex.o
                0x0000000008004982                HAL_SYSTICK_Config
 *fill*         0x000000000800499a        0x2 
 .text.HAL_Init
                0x000000000800499c       0x44 build/stm32f4xx_hal.o
                0x000000000800499c                HAL_Init
 .text.HAL_InitTick
                0x00000000080049e0       0x60 build/stm32f4xx_hal.o
                0x00000000080049e0                HAL_InitTick
 .text.HAL_IncTick
                0x0000000008004a40       0x28 build/stm32f4xx_hal.o
                0x0000000008004a40                HAL_IncTick
 .text.HAL_GetTick
                0x0000000008004a68       0x18 build/stm32f4xx_hal.o
                0x0000000008004a68                HAL_GetTick
 .text.HAL_Delay
                0x0000000008004a80       0x44 build/stm32f4xx_hal.o
                0x0000000008004a80                HAL_Delay
 .text.SystemInit
                0x0000000008004ac4       0x2c build/system_stm32f4xx.o
                0x0000000008004ac4                SystemInit
 .text.USBD_Init
                0x0000000008004af0       0x56 build/usbd_core.o
                0x0000000008004af0                USBD_Init
 .text.USBD_RegisterClass
                0x0000000008004b46       0x34 build/usbd_core.o
                0x0000000008004b46                USBD_RegisterClass
 .text.USBD_Start
                0x0000000008004b7a       0x18 build/usbd_core.o
                0x0000000008004b7a                USBD_Start
 .text.USBD_RunTestMode
                0x0000000008004b92       0x16 build/usbd_core.o
                0x0000000008004b92                USBD_RunTestMode
 .text.USBD_SetClassConfig
                0x0000000008004ba8       0x3e build/usbd_core.o
                0x0000000008004ba8                USBD_SetClassConfig
 .text.USBD_ClrClassConfig
                0x0000000008004be6       0x26 build/usbd_core.o
                0x0000000008004be6                USBD_ClrClassConfig
 .text.USBD_LL_SetupStage
                0x0000000008004c0c       0x96 build/usbd_core.o
                0x0000000008004c0c                USBD_LL_SetupStage
 .text.USBD_LL_DataOutStage
                0x0000000008004ca2       0xe2 build/usbd_core.o
                0x0000000008004ca2                USBD_LL_DataOutStage
 .text.USBD_LL_DataInStage
                0x0000000008004d84      0x14a build/usbd_core.o
                0x0000000008004d84                USBD_LL_DataInStage
 .text.USBD_LL_Reset
                0x0000000008004ece       0x82 build/usbd_core.o
                0x0000000008004ece                USBD_LL_Reset
 .text.USBD_LL_SetSpeed
                0x0000000008004f50       0x20 build/usbd_core.o
                0x0000000008004f50                USBD_LL_SetSpeed
 .text.USBD_LL_Suspend
                0x0000000008004f70       0x2a build/usbd_core.o
                0x0000000008004f70                USBD_LL_Suspend
 .text.USBD_LL_Resume
                0x0000000008004f9a       0x22 build/usbd_core.o
                0x0000000008004f9a                USBD_LL_Resume
 .text.USBD_LL_SOF
                0x0000000008004fbc       0x34 build/usbd_core.o
                0x0000000008004fbc                USBD_LL_SOF
 .text.USBD_LL_IsoINIncomplete
                0x0000000008004ff0       0x1a build/usbd_core.o
                0x0000000008004ff0                USBD_LL_IsoINIncomplete
 .text.USBD_LL_IsoOUTIncomplete
                0x000000000800500a       0x1a build/usbd_core.o
                0x000000000800500a                USBD_LL_IsoOUTIncomplete
 .text.USBD_LL_DevConnected
                0x0000000008005024       0x16 build/usbd_core.o
                0x0000000008005024                USBD_LL_DevConnected
 .text.USBD_LL_DevDisconnected
                0x000000000800503a       0x2e build/usbd_core.o
                0x000000000800503a                USBD_LL_DevDisconnected
 .text.USBD_StdDevReq
                0x0000000008005068       0xd4 build/usbd_ctlreq.o
                0x0000000008005068                USBD_StdDevReq
 .text.USBD_StdItfReq
                0x000000000800513c       0x8c build/usbd_ctlreq.o
                0x000000000800513c                USBD_StdItfReq
 .text.USBD_StdEPReq
                0x00000000080051c8      0x2b6 build/usbd_ctlreq.o
                0x00000000080051c8                USBD_StdEPReq
 *fill*         0x000000000800547e        0x2 
 .text.USBD_GetDescriptor
                0x0000000008005480      0x1f4 build/usbd_ctlreq.o
 .text.USBD_SetAddress
                0x0000000008005674       0x84 build/usbd_ctlreq.o
 .text.USBD_SetConfig
                0x00000000080056f8      0x11c build/usbd_ctlreq.o
 .text.USBD_GetConfig
                0x0000000008005814       0x68 build/usbd_ctlreq.o
 .text.USBD_GetStatus
                0x000000000800587c       0x66 build/usbd_ctlreq.o
 .text.USBD_SetFeature
                0x00000000080058e2       0x28 build/usbd_ctlreq.o
 .text.USBD_ClrFeature
                0x000000000800590a       0x42 build/usbd_ctlreq.o
 .text.USBD_ParseSetupRequest
                0x000000000800594c       0x7a build/usbd_ctlreq.o
                0x000000000800594c                USBD_ParseSetupRequest
 .text.USBD_CtlError
                0x00000000080059c6       0x22 build/usbd_ctlreq.o
                0x00000000080059c6                USBD_CtlError
 .text.USBD_GetString
                0x00000000080059e8       0x84 build/usbd_ctlreq.o
                0x00000000080059e8                USBD_GetString
 .text.USBD_GetLen
                0x0000000008005a6c       0x30 build/usbd_ctlreq.o
 .text.USBD_CtlSendData
                0x0000000008005a9c       0x38 build/usbd_ioreq.o
                0x0000000008005a9c                USBD_CtlSendData
 .text.USBD_CtlContinueSendData
                0x0000000008005ad4       0x24 build/usbd_ioreq.o
                0x0000000008005ad4                USBD_CtlContinueSendData
 .text.USBD_CtlPrepareRx
                0x0000000008005af8       0x3c build/usbd_ioreq.o
                0x0000000008005af8                USBD_CtlPrepareRx
 .text.USBD_CtlContinueRx
                0x0000000008005b34       0x24 build/usbd_ioreq.o
                0x0000000008005b34                USBD_CtlContinueRx
 .text.USBD_CtlSendStatus
                0x0000000008005b58       0x26 build/usbd_ioreq.o
                0x0000000008005b58                USBD_CtlSendStatus
 .text.USBD_CtlReceiveStatus
                0x0000000008005b7e       0x26 build/usbd_ioreq.o
                0x0000000008005b7e                USBD_CtlReceiveStatus
 .text.USBD_CDC_Init
                0x0000000008005ba4       0xf6 build/usbd_cdc.o
 .text.USBD_CDC_DeInit
                0x0000000008005c9a       0x6e build/usbd_cdc.o
 .text.USBD_CDC_Setup
                0x0000000008005d08      0x140 build/usbd_cdc.o
 .text.USBD_CDC_DataIn
                0x0000000008005e48       0xa6 build/usbd_cdc.o
 .text.USBD_CDC_DataOut
                0x0000000008005eee       0x56 build/usbd_cdc.o
 .text.USBD_CDC_EP0_RxReady
                0x0000000008005f44       0x50 build/usbd_cdc.o
 .text.USBD_CDC_GetFSCfgDesc
                0x0000000008005f94       0x20 build/usbd_cdc.o
 .text.USBD_CDC_GetHSCfgDesc
                0x0000000008005fb4       0x20 build/usbd_cdc.o
 .text.USBD_CDC_GetOtherSpeedCfgDesc
                0x0000000008005fd4       0x20 build/usbd_cdc.o
 .text.USBD_CDC_GetDeviceQualifierDescriptor
                0x0000000008005ff4       0x20 build/usbd_cdc.o
                0x0000000008005ff4                USBD_CDC_GetDeviceQualifierDescriptor
 .text.USBD_CDC_RegisterInterface
                0x0000000008006014       0x2e build/usbd_cdc.o
                0x0000000008006014                USBD_CDC_RegisterInterface
 .text.USBD_CDC_SetTxBuffer
                0x0000000008006042       0x34 build/usbd_cdc.o
                0x0000000008006042                USBD_CDC_SetTxBuffer
 .text.USBD_CDC_SetRxBuffer
                0x0000000008006076       0x28 build/usbd_cdc.o
                0x0000000008006076                USBD_CDC_SetRxBuffer
 .text.USBD_CDC_TransmitPacket
                0x000000000800609e       0x5e build/usbd_cdc.o
                0x000000000800609e                USBD_CDC_TransmitPacket
 .text.USBD_CDC_ReceivePacket
                0x00000000080060fc       0x54 build/usbd_cdc.o
                0x00000000080060fc                USBD_CDC_ReceivePacket
 .text.CalcLocalDivider
                0x0000000008006150       0x2a build/sump.o
                0x0000000008006150                CalcLocalDivider
 *fill*         0x000000000800617a        0x2 
 .text.SumpProcessRequest
                0x000000000800617c      0x188 build/sump.o
                0x000000000800617c                SumpProcessRequest
 .text.SetBufferSize
                0x0000000008006304       0x20 build/sampling.o
                0x0000000008006304                SetBufferSize
 .text.SetDelayCount
                0x0000000008006324       0x24 build/sampling.o
                0x0000000008006324                SetDelayCount
 .text.SetTriggerMask
                0x0000000008006348       0x20 build/sampling.o
                0x0000000008006348                SetTriggerMask
 .text.SetTriggerValue
                0x0000000008006368       0x20 build/sampling.o
                0x0000000008006368                SetTriggerValue
 .text.SetFlags
                0x0000000008006388       0x20 build/sampling.o
                0x0000000008006388                SetFlags
 .text.SetSamplingPeriod
                0x00000000080063a8       0x20 build/sampling.o
                0x00000000080063a8                SetSamplingPeriod
 .text.Start    0x00000000080063c8       0x54 build/sampling.o
                0x00000000080063c8                Start
 .text.Stop     0x000000000800641c       0x30 build/sampling.o
                0x000000000800641c                Stop
 .text.Arm      0x000000000800644c       0x2c build/sampling.o
                0x000000000800644c                Arm
 .text.SetupSamplingTimer
                0x0000000008006478       0x7c build/sampling.o
                0x0000000008006478                SetupSamplingTimer
 .text.SetupSamplingDMA
                0x00000000080064f4       0x58 build/sampling.o
                0x00000000080064f4                SetupSamplingDMA
 .text.SetupDelayTimer
                0x000000000800654c       0x80 build/sampling.o
                0x000000000800654c                SetupDelayTimer
 .text.SetupRegularEXTITrigger
                0x00000000080065cc      0x16c build/sampling.o
                0x00000000080065cc                SetupRegularEXTITrigger
 .text.CalcDMATransferSize
                0x0000000008006738       0x58 build/sampling.o
                0x0000000008006738                CalcDMATransferSize
 .text.SamplingClearBuffer
                0x0000000008006790       0x58 build/sampling.o
                0x0000000008006790                SamplingClearBuffer
 .text.SamplingComplete
                0x00000000080067e8      0x148 build/sampling.o
                0x00000000080067e8                SamplingComplete
 .text.ActualTransferCount
                0x0000000008006930       0x24 build/sampling.o
                0x0000000008006930                ActualTransferCount
 .text.GetBufferTail
                0x0000000008006954       0x24 build/sampling.o
                0x0000000008006954                GetBufferTail
 .text.GetBytesPerTransfer
                0x0000000008006978       0x18 build/sampling.o
                0x0000000008006978                GetBytesPerTransfer
 .text.GetBufferTailSize
                0x0000000008006990       0x1c build/sampling.o
                0x0000000008006990                GetBufferTailSize
 .text.GetBufferSize
                0x00000000080069ac       0x24 build/sampling.o
                0x00000000080069ac                GetBufferSize
 .text.GetBuffer
                0x00000000080069d0       0x14 build/sampling.o
                0x00000000080069d0                GetBuffer
 .text.EnableChannel
                0x00000000080069e4       0x3c build/sampling.o
                0x00000000080069e4                EnableChannel
 .text.Reset_Handler
                0x0000000008006a20       0x50 build/startup_stm32f407xx.o
                0x0000000008006a20                Reset_Handler
 .text.Default_Handler
                0x0000000008006a70        0x2 build/startup_stm32f407xx.o
                0x0000000008006a70                RTC_Alarm_IRQHandler
                0x0000000008006a70                HASH_RNG_IRQHandler
                0x0000000008006a70                TIM8_CC_IRQHandler
                0x0000000008006a70                TIM1_CC_IRQHandler
                0x0000000008006a70                DMA2_Stream5_IRQHandler
                0x0000000008006a70                DMA1_Stream5_IRQHandler
                0x0000000008006a70                PVD_IRQHandler
                0x0000000008006a70                SDIO_IRQHandler
                0x0000000008006a70                TAMP_STAMP_IRQHandler
                0x0000000008006a70                CAN2_RX1_IRQHandler
                0x0000000008006a70                TIM8_TRG_COM_TIM14_IRQHandler
                0x0000000008006a70                TIM1_UP_TIM10_IRQHandler
                0x0000000008006a70                I2C3_ER_IRQHandler
                0x0000000008006a70                I2C2_EV_IRQHandler
                0x0000000008006a70                DMA1_Stream2_IRQHandler
                0x0000000008006a70                CAN1_RX0_IRQHandler
                0x0000000008006a70                FPU_IRQHandler
                0x0000000008006a70                OTG_HS_WKUP_IRQHandler
                0x0000000008006a70                CAN2_SCE_IRQHandler
                0x0000000008006a70                DMA2_Stream2_IRQHandler
                0x0000000008006a70                SPI1_IRQHandler
                0x0000000008006a70                TIM6_DAC_IRQHandler
                0x0000000008006a70                TIM1_BRK_TIM9_IRQHandler
                0x0000000008006a70                DCMI_IRQHandler
                0x0000000008006a70                CAN2_RX0_IRQHandler
                0x0000000008006a70                DMA2_Stream3_IRQHandler
                0x0000000008006a70                USART6_IRQHandler
                0x0000000008006a70                USART3_IRQHandler
                0x0000000008006a70                CAN1_RX1_IRQHandler
                0x0000000008006a70                UART5_IRQHandler
                0x0000000008006a70                DMA2_Stream0_IRQHandler
                0x0000000008006a70                TIM4_IRQHandler
                0x0000000008006a70                I2C1_EV_IRQHandler
                0x0000000008006a70                DMA1_Stream6_IRQHandler
                0x0000000008006a70                DMA1_Stream1_IRQHandler
                0x0000000008006a70                UART4_IRQHandler
                0x0000000008006a70                TIM3_IRQHandler
                0x0000000008006a70                RCC_IRQHandler
                0x0000000008006a70                TIM8_BRK_TIM12_IRQHandler
                0x0000000008006a70                Default_Handler
                0x0000000008006a70                EXTI15_10_IRQHandler
                0x0000000008006a70                ADC_IRQHandler
                0x0000000008006a70                DMA1_Stream7_IRQHandler
                0x0000000008006a70                TIM7_IRQHandler
                0x0000000008006a70                CAN2_TX_IRQHandler
                0x0000000008006a70                TIM5_IRQHandler
                0x0000000008006a70                DMA2_Stream7_IRQHandler
                0x0000000008006a70                I2C3_EV_IRQHandler
                0x0000000008006a70                RTC_WKUP_IRQHandler
                0x0000000008006a70                ETH_WKUP_IRQHandler
                0x0000000008006a70                SPI2_IRQHandler
                0x0000000008006a70                OTG_HS_EP1_IN_IRQHandler
                0x0000000008006a70                DMA1_Stream0_IRQHandler
                0x0000000008006a70                CAN1_TX_IRQHandler
                0x0000000008006a70                FSMC_IRQHandler
                0x0000000008006a70                ETH_IRQHandler
                0x0000000008006a70                OTG_HS_EP1_OUT_IRQHandler
                0x0000000008006a70                WWDG_IRQHandler
                0x0000000008006a70                TIM2_IRQHandler
                0x0000000008006a70                OTG_FS_WKUP_IRQHandler
                0x0000000008006a70                TIM1_TRG_COM_TIM11_IRQHandler
                0x0000000008006a70                OTG_HS_IRQHandler
                0x0000000008006a70                USART2_IRQHandler
                0x0000000008006a70                I2C2_ER_IRQHandler
                0x0000000008006a70                DMA2_Stream1_IRQHandler
                0x0000000008006a70                CAN1_SCE_IRQHandler
                0x0000000008006a70                FLASH_IRQHandler
                0x0000000008006a70                DMA2_Stream4_IRQHandler
                0x0000000008006a70                USART1_IRQHandler
                0x0000000008006a70                SPI3_IRQHandler
                0x0000000008006a70                DMA1_Stream4_IRQHandler
                0x0000000008006a70                I2C1_ER_IRQHandler
                0x0000000008006a70                DMA2_Stream6_IRQHandler
                0x0000000008006a70                DMA1_Stream3_IRQHandler
 *fill*         0x0000000008006a72        0x2 
 .text.__libc_init_array
                0x0000000008006a74       0x48 /usr/bin/../lib/gcc/arm-none-eabi/7.3.1/../../../../arm-none-eabi/lib/thumb/v7e-m/fpv4-sp/hard/libc_nano.a(lib_a-init.o)
                0x0000000008006a74                __libc_init_array
 .text.malloc   0x0000000008006abc       0x10 /usr/bin/../lib/gcc/arm-none-eabi/7.3.1/../../../../arm-none-eabi/lib/thumb/v7e-m/fpv4-sp/hard/libc_nano.a(lib_a-malloc.o)
                0x0000000008006abc                malloc
 .text.free     0x0000000008006acc       0x10 /usr/bin/../lib/gcc/arm-none-eabi/7.3.1/../../../../arm-none-eabi/lib/thumb/v7e-m/fpv4-sp/hard/libc_nano.a(lib_a-malloc.o)
                0x0000000008006acc                free
 .text.memset   0x0000000008006adc       0x10 /usr/bin/../lib/gcc/arm-none-eabi/7.3.1/../../../../arm-none-eabi/lib/thumb/v7e-m/fpv4-sp/hard/libc_nano.a(lib_a-memset.o)
                0x0000000008006adc                memset
 .text._free_r  0x0000000008006aec       0x9c /usr/bin/../lib/gcc/arm-none-eabi/7.3.1/../../../../arm-none-eabi/lib/thumb/v7e-m/fpv4-sp/hard/libc_nano.a(lib_a-nano-freer.o)
                0x0000000008006aec                _free_r
 .text._malloc_r
                0x0000000008006b88       0xb4 /usr/bin/../lib/gcc/arm-none-eabi/7.3.1/../../../../arm-none-eabi/lib/thumb/v7e-m/fpv4-sp/hard/libc_nano.a(lib_a-nano-mallocr.o)
                0x0000000008006b88                _malloc_r
 .text._sbrk_r  0x0000000008006c3c       0x20 /usr/bin/../lib/gcc/arm-none-eabi/7.3.1/../../../../arm-none-eabi/lib/thumb/v7e-m/fpv4-sp/hard/libc_nano.a(lib_a-sbrkr.o)
                0x0000000008006c3c                _sbrk_r
 .text.__malloc_lock
                0x0000000008006c5c        0x2 /usr/bin/../lib/gcc/arm-none-eabi/7.3.1/../../../../arm-none-eabi/lib/thumb/v7e-m/fpv4-sp/hard/libc_nano.a(lib_a-mlock.o)
                0x0000000008006c5c                __malloc_lock
 .text.__malloc_unlock
                0x0000000008006c5e        0x2 /usr/bin/../lib/gcc/arm-none-eabi/7.3.1/../../../../arm-none-eabi/lib/thumb/v7e-m/fpv4-sp/hard/libc_nano.a(lib_a-mlock.o)
                0x0000000008006c5e                __malloc_unlock
 .text._sbrk    0x0000000008006c60       0x1c /usr/bin/../lib/gcc/arm-none-eabi/7.3.1/../../../../arm-none-eabi/lib/thumb/v7e-m/fpv4-sp/hard/libnosys.a(sbrk.o)
                0x0000000008006c60                _sbrk
 *(.glue_7)
 .glue_7        0x0000000008006c7c        0x0 linker stubs
 *(.glue_7t)
 .glue_7t       0x0000000008006c7c        0x0 linker stubs
 *(.eh_frame)
 .eh_frame      0x0000000008006c7c        0x0 /usr/bin/../lib/gcc/arm-none-eabi/7.3.1/thumb/v7e-m/fpv4-sp/hard/crtbegin.o
 *(.init)
 .init          0x0000000008006c7c        0x4 /usr/bin/../lib/gcc/arm-none-eabi/7.3.1/thumb/v7e-m/fpv4-sp/hard/crti.o
                0x0000000008006c7c                _init
 .init          0x0000000008006c80        0x8 /usr/bin/../lib/gcc/arm-none-eabi/7.3.1/thumb/v7e-m/fpv4-sp/hard/crtn.o
 *(.fini)
 .fini          0x0000000008006c88        0x4 /usr/bin/../lib/gcc/arm-none-eabi/7.3.1/thumb/v7e-m/fpv4-sp/hard/crti.o
                0x0000000008006c88                _fini
 .fini          0x0000000008006c8c        0x8 /usr/bin/../lib/gcc/arm-none-eabi/7.3.1/thumb/v7e-m/fpv4-sp/hard/crtn.o
                0x0000000008006c94                . = ALIGN (0x4)
                0x0000000008006c94                _etext = .

.vfp11_veneer   0x0000000008006c94        0x0
 .vfp11_veneer  0x0000000008006c94        0x0 linker stubs

.v4_bx          0x0000000008006c94        0x0
 .v4_bx         0x0000000008006c94        0x0 linker stubs

.iplt           0x0000000008006c94        0x0
 .iplt          0x0000000008006c94        0x0 /usr/bin/../lib/gcc/arm-none-eabi/7.3.1/thumb/v7e-m/fpv4-sp/hard/crtbegin.o

.rodata         0x0000000008006c94       0x60
                0x0000000008006c94                . = ALIGN (0x4)
 *(.rodata)
 .rodata        0x0000000008006c94       0x46 build/usbd_desc.o
 *fill*         0x0000000008006cda        0x2 
 .rodata        0x0000000008006cdc        0x5 build/sump.o
 *(.rodata*)
 *fill*         0x0000000008006ce1        0x3 
 .rodata.AHBPrescTable
                0x0000000008006ce4       0x10 build/system_stm32f4xx.o
                0x0000000008006ce4                AHBPrescTable
                0x0000000008006cf4                . = ALIGN (0x4)

.ARM.extab
 *(.ARM.extab* .gnu.linkonce.armextab.*)

.ARM            0x0000000008006cf4        0x8
                0x0000000008006cf4                __exidx_start = .
 *(.ARM.exidx*)
 .ARM.exidx     0x0000000008006cf4        0x8 /usr/bin/../lib/gcc/arm-none-eabi/7.3.1/thumb/v7e-m/fpv4-sp/hard/libgcc.a(_udivmoddi4.o)
                0x0000000008006cfc                __exidx_end = .

.rel.dyn        0x0000000008006cfc        0x0
 .rel.iplt      0x0000000008006cfc        0x0 /usr/bin/../lib/gcc/arm-none-eabi/7.3.1/thumb/v7e-m/fpv4-sp/hard/crtbegin.o

.preinit_array  0x0000000008006cfc        0x0
                0x0000000008006cfc                PROVIDE (__preinit_array_start = .)
 *(.preinit_array*)
                0x0000000008006cfc                PROVIDE (__preinit_array_end = .)

.init_array     0x0000000008006cfc        0x4
                0x0000000008006cfc                PROVIDE (__init_array_start = .)
 *(SORT_BY_NAME(.init_array.*))
 *(.init_array*)
 .init_array    0x0000000008006cfc        0x4 /usr/bin/../lib/gcc/arm-none-eabi/7.3.1/thumb/v7e-m/fpv4-sp/hard/crtbegin.o
                0x0000000008006d00                PROVIDE (__init_array_end = .)

.fini_array     0x0000000008006d00        0x4
                [!provide]                        PROVIDE (__fini_array_start = .)
 *(SORT_BY_NAME(.fini_array.*))
 *(.fini_array*)
 .fini_array    0x0000000008006d00        0x4 /usr/bin/../lib/gcc/arm-none-eabi/7.3.1/thumb/v7e-m/fpv4-sp/hard/crtbegin.o
                [!provide]                        PROVIDE (__fini_array_end = .)
                0x0000000008006d04                _sidata = LOADADDR (.data)

.data           0x0000000020000000      0x224 load address 0x0000000008006d04
                0x0000000020000000                . = ALIGN (0x4)
                0x0000000020000000                _sdata = .
 *(.data)
 *(.data*)
 .data.FS_Desc  0x0000000020000000       0x1c build/usbd_desc.o
                0x0000000020000000                FS_Desc
 .data.USBD_FS_DeviceDesc
                0x000000002000001c       0x12 build/usbd_desc.o
                0x000000002000001c                USBD_FS_DeviceDesc
 *fill*         0x000000002000002e        0x2 
 .data.USBD_LangIDDesc
                0x0000000020000030        0x4 build/usbd_desc.o
                0x0000000020000030                USBD_LangIDDesc
 .data.USBD_StringSerial
                0x0000000020000034       0x1a build/usbd_desc.o
                0x0000000020000034                USBD_StringSerial
 *fill*         0x000000002000004e        0x2 
 .data.LineCoding
                0x0000000020000050        0x8 build/usbd_cdc_if.o
                0x0000000020000050                LineCoding
 .data.USBD_Interface_fops_FS
                0x0000000020000058       0x10 build/usbd_cdc_if.o
                0x0000000020000058                USBD_Interface_fops_FS
 .data.uwTickPrio
                0x0000000020000068        0x4 build/stm32f4xx_hal.o
                0x0000000020000068                uwTickPrio
 .data.uwTickFreq
                0x000000002000006c        0x1 build/stm32f4xx_hal.o
                0x000000002000006c                uwTickFreq
 *fill*         0x000000002000006d        0x3 
 .data.SystemCoreClock
                0x0000000020000070        0x4 build/system_stm32f4xx.o
                0x0000000020000070                SystemCoreClock
 .data.USBD_CDC_DeviceQualifierDesc
                0x0000000020000074        0xa build/usbd_cdc.o
 *fill*         0x000000002000007e        0x2 
 .data.USBD_CDC
                0x0000000020000080       0x38 build/usbd_cdc.o
                0x0000000020000080                USBD_CDC
 .data.USBD_CDC_CfgHSDesc
                0x00000000200000b8       0x43 build/usbd_cdc.o
                0x00000000200000b8                USBD_CDC_CfgHSDesc
 *fill*         0x00000000200000fb        0x1 
 .data.USBD_CDC_CfgFSDesc
                0x00000000200000fc       0x43 build/usbd_cdc.o
                0x00000000200000fc                USBD_CDC_CfgFSDesc
 *fill*         0x000000002000013f        0x1 
 .data.USBD_CDC_OtherSpeedCfgDesc
                0x0000000020000140       0x43 build/usbd_cdc.o
                0x0000000020000140                USBD_CDC_OtherSpeedCfgDesc
 *fill*         0x0000000020000183        0x1 
 .data.metaData
                0x0000000020000184       0x38 build/sump.o
 .data.divider  0x00000000200001bc        0x4 build/sump.o
 .data._impure_ptr
                0x00000000200001c0        0x4 /usr/bin/../lib/gcc/arm-none-eabi/7.3.1/../../../../arm-none-eabi/lib/thumb/v7e-m/fpv4-sp/hard/libc_nano.a(lib_a-impure.o)
                0x00000000200001c0                _impure_ptr
 .data.impure_data
                0x00000000200001c4       0x60 /usr/bin/../lib/gcc/arm-none-eabi/7.3.1/../../../../arm-none-eabi/lib/thumb/v7e-m/fpv4-sp/hard/libc_nano.a(lib_a-impure.o)
                0x0000000020000224                . = ALIGN (0x4)
                0x0000000020000224                _edata = .
                0x0000000008006f28                _siccmram = LOADADDR (.ccmram)

.igot.plt       0x0000000020000224        0x0 load address 0x0000000008006f28
 .igot.plt      0x0000000020000224        0x0 /usr/bin/../lib/gcc/arm-none-eabi/7.3.1/thumb/v7e-m/fpv4-sp/hard/crtbegin.o

.ccmram         0x0000000010000000        0x0 load address 0x0000000008006f28
                0x0000000010000000                . = ALIGN (0x4)
                0x0000000010000000                _sccmram = .
 *(.ccmram)
 *(.ccmram*)
                0x0000000010000000                . = ALIGN (0x4)
                0x0000000010000000                _eccmram = .
                0x0000000010000000                . = ALIGN (0x4)

.bss            0x0000000020000224     0xc974
                0x0000000020000224                _sbss = .
                0x0000000020000224                __bss_start__ = _sbss
 *(.bss)
 .bss           0x0000000020000224       0x1c /usr/bin/../lib/gcc/arm-none-eabi/7.3.1/thumb/v7e-m/fpv4-sp/hard/crtbegin.o
 *(.bss*)
 .bss.cfgidx.9779
                0x0000000020000240        0x1 build/usbd_ctlreq.o
 *fill*         0x0000000020000241        0x3 
 .bss.transferCount
                0x0000000020000244        0x4 build/sampling.o
 .bss.delayCount
                0x0000000020000248        0x4 build/sampling.o
 .bss.__malloc_free_list
                0x000000002000024c        0x4 /usr/bin/../lib/gcc/arm-none-eabi/7.3.1/../../../../arm-none-eabi/lib/thumb/v7e-m/fpv4-sp/hard/libc_nano.a(lib_a-nano-mallocr.o)
                0x000000002000024c                __malloc_free_list
 .bss.__malloc_sbrk_start
                0x0000000020000250        0x4 /usr/bin/../lib/gcc/arm-none-eabi/7.3.1/../../../../arm-none-eabi/lib/thumb/v7e-m/fpv4-sp/hard/libc_nano.a(lib_a-nano-mallocr.o)
                0x0000000020000250                __malloc_sbrk_start
 .bss.heap_end.5377
                0x0000000020000254        0x4 /usr/bin/../lib/gcc/arm-none-eabi/7.3.1/../../../../arm-none-eabi/lib/thumb/v7e-m/fpv4-sp/hard/libnosys.a(sbrk.o)
 *(COMMON)
 COMMON         0x0000000020000258       0x14 build/main.o
                0x0000000020000258                triggerValue
                0x000000002000025c                period
                0x0000000020000260                transferSize
                0x0000000020000264                flags
                0x0000000020000268                triggerMask
 COMMON         0x000000002000026c      0x29c build/usb_device.o
                0x000000002000026c                hUsbDeviceFS
 COMMON         0x0000000020000508      0x408 build/usbd_conf.o
                0x0000000020000508                hpcd_USB_OTG_FS
 COMMON         0x0000000020000910      0x200 build/usbd_desc.o
                0x0000000020000910                USBD_StrDesc
 COMMON         0x0000000020000b10       0x80 build/usbd_cdc_if.o
                0x0000000020000b10                UserRxBufferFS
                0x0000000020000b50                UserTxBufferFS
 COMMON         0x0000000020000b90        0x4 build/stm32f4xx_hal.o
                0x0000000020000b90                uwTick
 COMMON         0x0000000020000b94     0xc000 build/sampling.o
                0x0000000020000b94                arr
                0x0000000020006b94                samplingRam
 COMMON         0x000000002000cb94        0x4 /usr/bin/../lib/gcc/arm-none-eabi/7.3.1/../../../../arm-none-eabi/lib/thumb/v7e-m/fpv4-sp/hard/libc_nano.a(lib_a-reent.o)
                0x000000002000cb94                errno
                0x000000002000cb98                . = ALIGN (0x4)
                0x000000002000cb98                _ebss = .
                0x000000002000cb98                __bss_end__ = _ebss

._user_heap_stack
                0x000000002000cb98      0xa00
                0x000000002000cb98                . = ALIGN (0x8)
                0x000000002000cb98                PROVIDE (end = .)
                [!provide]                        PROVIDE (_end = .)
                0x000000002000d198                . = (. + _Min_Heap_Size)
 *fill*         0x000000002000cb98      0x600 
                0x000000002000d598                . = (. + _Min_Stack_Size)
 *fill*         0x000000002000d198      0x400 
                0x000000002000d598                . = ALIGN (0x8)

/DISCARD/
 libc.a(*)
 libm.a(*)
 libgcc.a(*)

.ARM.attributes
                0x0000000000000000       0x30
 *(.ARM.attributes)
 .ARM.attributes
                0x0000000000000000       0x22 /usr/bin/../lib/gcc/arm-none-eabi/7.3.1/thumb/v7e-m/fpv4-sp/hard/crti.o
 .ARM.attributes
                0x0000000000000022       0x34 /usr/bin/../lib/gcc/arm-none-eabi/7.3.1/thumb/v7e-m/fpv4-sp/hard/crtbegin.o
 .ARM.attributes
                0x0000000000000056       0x39 build/main.o
 .ARM.attributes
                0x000000000000008f       0x39 build/usb_device.o
 .ARM.attributes
                0x00000000000000c8       0x39 build/usbd_conf.o
 .ARM.attributes
                0x0000000000000101       0x39 build/usbd_desc.o
 .ARM.attributes
                0x000000000000013a       0x39 build/usbd_cdc_if.o
 .ARM.attributes
                0x0000000000000173       0x39 build/stm32f4xx_it.o
 .ARM.attributes
                0x00000000000001ac       0x39 build/stm32f4xx_hal_msp.o
 .ARM.attributes
                0x00000000000001e5       0x39 build/stm32f4xx_hal_pcd.o
 .ARM.attributes
                0x000000000000021e       0x39 build/stm32f4xx_hal_pcd_ex.o
 .ARM.attributes
                0x0000000000000257       0x39 build/stm32f4xx_ll_usb.o
 .ARM.attributes
                0x0000000000000290       0x39 build/stm32f4xx_hal_rcc.o
 .ARM.attributes
                0x00000000000002c9       0x39 build/stm32f4xx_hal_gpio.o
 .ARM.attributes
                0x0000000000000302       0x39 build/stm32f4xx_hal_cortex.o
 .ARM.attributes
                0x000000000000033b       0x39 build/stm32f4xx_hal.o
 .ARM.attributes
                0x0000000000000374       0x39 build/system_stm32f4xx.o
 .ARM.attributes
                0x00000000000003ad       0x39 build/usbd_core.o
 .ARM.attributes
                0x00000000000003e6       0x39 build/usbd_ctlreq.o
 .ARM.attributes
                0x000000000000041f       0x39 build/usbd_ioreq.o
 .ARM.attributes
                0x0000000000000458       0x39 build/usbd_cdc.o
 .ARM.attributes
                0x0000000000000491       0x39 build/sump.o
 .ARM.attributes
                0x00000000000004ca       0x39 build/sampling.o
 .ARM.attributes
                0x0000000000000503       0x21 build/startup_stm32f407xx.o
 .ARM.attributes
                0x0000000000000524       0x34 /usr/bin/../lib/gcc/arm-none-eabi/7.3.1/../../../../arm-none-eabi/lib/thumb/v7e-m/fpv4-sp/hard/libc_nano.a(lib_a-impure.o)
 .ARM.attributes
                0x0000000000000558       0x34 /usr/bin/../lib/gcc/arm-none-eabi/7.3.1/../../../../arm-none-eabi/lib/thumb/v7e-m/fpv4-sp/hard/libc_nano.a(lib_a-init.o)
 .ARM.attributes
                0x000000000000058c       0x34 /usr/bin/../lib/gcc/arm-none-eabi/7.3.1/../../../../arm-none-eabi/lib/thumb/v7e-m/fpv4-sp/hard/libc_nano.a(lib_a-malloc.o)
 .ARM.attributes
                0x00000000000005c0       0x34 /usr/bin/../lib/gcc/arm-none-eabi/7.3.1/../../../../arm-none-eabi/lib/thumb/v7e-m/fpv4-sp/hard/libc_nano.a(lib_a-memset.o)
 .ARM.attributes
                0x00000000000005f4       0x34 /usr/bin/../lib/gcc/arm-none-eabi/7.3.1/../../../../arm-none-eabi/lib/thumb/v7e-m/fpv4-sp/hard/libc_nano.a(lib_a-nano-freer.o)
 .ARM.attributes
                0x0000000000000628       0x34 /usr/bin/../lib/gcc/arm-none-eabi/7.3.1/../../../../arm-none-eabi/lib/thumb/v7e-m/fpv4-sp/hard/libc_nano.a(lib_a-nano-mallocr.o)
 .ARM.attributes
                0x000000000000065c       0x34 /usr/bin/../lib/gcc/arm-none-eabi/7.3.1/../../../../arm-none-eabi/lib/thumb/v7e-m/fpv4-sp/hard/libc_nano.a(lib_a-sbrkr.o)
 .ARM.attributes
                0x0000000000000690       0x34 /usr/bin/../lib/gcc/arm-none-eabi/7.3.1/../../../../arm-none-eabi/lib/thumb/v7e-m/fpv4-sp/hard/libc_nano.a(lib_a-mlock.o)
 .ARM.attributes
                0x00000000000006c4       0x34 /usr/bin/../lib/gcc/arm-none-eabi/7.3.1/../../../../arm-none-eabi/lib/thumb/v7e-m/fpv4-sp/hard/libc_nano.a(lib_a-reent.o)
 .ARM.attributes
                0x00000000000006f8       0x34 /usr/bin/../lib/gcc/arm-none-eabi/7.3.1/../../../../arm-none-eabi/lib/thumb/v7e-m/fpv4-sp/hard/libnosys.a(sbrk.o)
 .ARM.attributes
                0x000000000000072c       0x22 /usr/bin/../lib/gcc/arm-none-eabi/7.3.1/thumb/v7e-m/fpv4-sp/hard/libgcc.a(_aeabi_uldivmod.o)
 .ARM.attributes
                0x000000000000074e       0x34 /usr/bin/../lib/gcc/arm-none-eabi/7.3.1/thumb/v7e-m/fpv4-sp/hard/libgcc.a(_udivmoddi4.o)
 .ARM.attributes
                0x0000000000000782       0x22 /usr/bin/../lib/gcc/arm-none-eabi/7.3.1/thumb/v7e-m/fpv4-sp/hard/libgcc.a(_dvmd_tls.o)
 .ARM.attributes
                0x00000000000007a4       0x22 /usr/bin/../lib/gcc/arm-none-eabi/7.3.1/thumb/v7e-m/fpv4-sp/hard/crtn.o
OUTPUT(build/meas_complex.elf elf32-littlearm)

.debug_info     0x0000000000000000    0x168e2
 .debug_info    0x0000000000000000     0x10b1 build/main.o
 .debug_info    0x00000000000010b1     0x1059 build/usb_device.o
 .debug_info    0x000000000000210a     0x2328 build/usbd_conf.o
 .debug_info    0x0000000000004432      0xeba build/usbd_desc.o
 .debug_info    0x00000000000052ec     0x1294 build/usbd_cdc_if.o
 .debug_info    0x0000000000006580     0x187f build/stm32f4xx_it.o
 .debug_info    0x0000000000007dff      0x423 build/stm32f4xx_hal_msp.o
 .debug_info    0x0000000000008222     0x1287 build/stm32f4xx_hal_pcd.o
 .debug_info    0x00000000000094a9      0x7e7 build/stm32f4xx_hal_pcd_ex.o
 .debug_info    0x0000000000009c90     0x1abd build/stm32f4xx_ll_usb.o
 .debug_info    0x000000000000b74d      0x9e8 build/stm32f4xx_hal_rcc.o
 .debug_info    0x000000000000c135      0x85b build/stm32f4xx_hal_gpio.o
 .debug_info    0x000000000000c990      0xf47 build/stm32f4xx_hal_cortex.o
 .debug_info    0x000000000000d8d7      0xa36 build/stm32f4xx_hal.o
 .debug_info    0x000000000000e30d      0x5d5 build/system_stm32f4xx.o
 .debug_info    0x000000000000e8e2     0x13fd build/usbd_core.o
 .debug_info    0x000000000000fcdf     0x1338 build/usbd_ctlreq.o
 .debug_info    0x0000000000011017     0x111d build/usbd_ioreq.o
 .debug_info    0x0000000000012134     0x1a22 build/usbd_cdc.o
 .debug_info    0x0000000000013b56     0x10ff build/sump.o
 .debug_info    0x0000000000014c55     0x1c6b build/sampling.o
 .debug_info    0x00000000000168c0       0x22 build/startup_stm32f407xx.o

.debug_abbrev   0x0000000000000000     0x2efa
 .debug_abbrev  0x0000000000000000      0x23b build/main.o
 .debug_abbrev  0x000000000000023b      0x1c6 build/usb_device.o
 .debug_abbrev  0x0000000000000401      0x2ab build/usbd_conf.o
 .debug_abbrev  0x00000000000006ac      0x28d build/usbd_desc.o
 .debug_abbrev  0x0000000000000939      0x284 build/usbd_cdc_if.o
 .debug_abbrev  0x0000000000000bbd      0x23f build/stm32f4xx_it.o
 .debug_abbrev  0x0000000000000dfc      0x119 build/stm32f4xx_hal_msp.o
 .debug_abbrev  0x0000000000000f15      0x247 build/stm32f4xx_hal_pcd.o
 .debug_abbrev  0x000000000000115c      0x1b0 build/stm32f4xx_hal_pcd_ex.o
 .debug_abbrev  0x000000000000130c      0x25d build/stm32f4xx_ll_usb.o
 .debug_abbrev  0x0000000000001569      0x244 build/stm32f4xx_hal_rcc.o
 .debug_abbrev  0x00000000000017ad      0x1c8 build/stm32f4xx_hal_gpio.o
 .debug_abbrev  0x0000000000001975      0x2db build/stm32f4xx_hal_cortex.o
 .debug_abbrev  0x0000000000001c50      0x1c6 build/stm32f4xx_hal.o
 .debug_abbrev  0x0000000000001e16      0x12a build/system_stm32f4xx.o
 .debug_abbrev  0x0000000000001f40      0x289 build/usbd_core.o
 .debug_abbrev  0x00000000000021c9      0x2b9 build/usbd_ctlreq.o
 .debug_abbrev  0x0000000000002482      0x1f9 build/usbd_ioreq.o
 .debug_abbrev  0x000000000000267b      0x2de build/usbd_cdc.o
 .debug_abbrev  0x0000000000002959      0x225 build/sump.o
 .debug_abbrev  0x0000000000002b7e      0x36a build/sampling.o
 .debug_abbrev  0x0000000000002ee8       0x12 build/startup_stm32f407xx.o

.debug_loc      0x0000000000000000     0x6385
 .debug_loc     0x0000000000000000      0x16e build/main.o
 .debug_loc     0x000000000000016e       0x2c build/usb_device.o
 .debug_loc     0x000000000000019a      0x928 build/usbd_conf.o
 .debug_loc     0x0000000000000ac2      0x2f4 build/usbd_desc.o
 .debug_loc     0x0000000000000db6      0x16c build/usbd_cdc_if.o
 .debug_loc     0x0000000000000f22      0x390 build/stm32f4xx_it.o
 .debug_loc     0x00000000000012b2       0x5c build/stm32f4xx_hal_msp.o
 .debug_loc     0x000000000000130e      0xba7 build/stm32f4xx_hal_pcd.o
 .debug_loc     0x0000000000001eb5      0x170 build/stm32f4xx_hal_pcd_ex.o
 .debug_loc     0x0000000000002025     0x1128 build/stm32f4xx_ll_usb.o
 .debug_loc     0x000000000000314d      0x3d0 build/stm32f4xx_hal_rcc.o
 .debug_loc     0x000000000000351d      0x2d4 build/stm32f4xx_hal_gpio.o
 .debug_loc     0x00000000000037f1      0x9f4 build/stm32f4xx_hal_cortex.o
 .debug_loc     0x00000000000041e5      0x720 build/stm32f4xx_hal.o
 .debug_loc     0x0000000000004905       0xa0 build/system_stm32f4xx.o
 .debug_loc     0x00000000000049a5      0x6a0 build/usbd_core.o
 .debug_loc     0x0000000000005045      0x478 build/usbd_ctlreq.o
 .debug_loc     0x00000000000054bd      0x230 build/usbd_ioreq.o
 .debug_loc     0x00000000000056ed      0x504 build/usbd_cdc.o
 .debug_loc     0x0000000000005bf1       0xac build/sump.o
 .debug_loc     0x0000000000005c9d      0x6e8 build/sampling.o

.debug_aranges  0x0000000000000000      0xc18
 .debug_aranges
                0x0000000000000000       0x40 build/main.o
 .debug_aranges
                0x0000000000000040       0x20 build/usb_device.o
 .debug_aranges
                0x0000000000000060      0x100 build/usbd_conf.o
 .debug_aranges
                0x0000000000000160       0x60 build/usbd_desc.o
 .debug_aranges
                0x00000000000001c0       0x40 build/usbd_cdc_if.o
 .debug_aranges
                0x0000000000000200       0xa8 build/stm32f4xx_it.o
 .debug_aranges
                0x00000000000002a8       0x20 build/stm32f4xx_hal_msp.o
 .debug_aranges
                0x00000000000002c8      0x130 build/stm32f4xx_hal_pcd.o
 .debug_aranges
                0x00000000000003f8       0x38 build/stm32f4xx_hal_pcd_ex.o
 .debug_aranges
                0x0000000000000430      0x198 build/stm32f4xx_ll_usb.o
 .debug_aranges
                0x00000000000005c8       0x88 build/stm32f4xx_hal_rcc.o
 .debug_aranges
                0x0000000000000650       0x58 build/stm32f4xx_hal_gpio.o
 .debug_aranges
                0x00000000000006a8      0x118 build/stm32f4xx_hal_cortex.o
 .debug_aranges
                0x00000000000007c0       0xf0 build/stm32f4xx_hal.o
 .debug_aranges
                0x00000000000008b0       0x28 build/system_stm32f4xx.o
 .debug_aranges
                0x00000000000008d8       0xb8 build/usbd_core.o
 .debug_aranges
                0x0000000000000990       0x88 build/usbd_ctlreq.o
 .debug_aranges
                0x0000000000000a18       0x50 build/usbd_ioreq.o
 .debug_aranges
                0x0000000000000a68       0x90 build/usbd_cdc.o
 .debug_aranges
                0x0000000000000af8       0x28 build/sump.o
 .debug_aranges
                0x0000000000000b20       0xd0 build/sampling.o
 .debug_aranges
                0x0000000000000bf0       0x28 build/startup_stm32f407xx.o

.debug_ranges   0x0000000000000000      0xac0
 .debug_ranges  0x0000000000000000       0x30 build/main.o
 .debug_ranges  0x0000000000000030       0x10 build/usb_device.o
 .debug_ranges  0x0000000000000040       0xf0 build/usbd_conf.o
 .debug_ranges  0x0000000000000130       0x50 build/usbd_desc.o
 .debug_ranges  0x0000000000000180       0x30 build/usbd_cdc_if.o
 .debug_ranges  0x00000000000001b0       0x98 build/stm32f4xx_it.o
 .debug_ranges  0x0000000000000248       0x10 build/stm32f4xx_hal_msp.o
 .debug_ranges  0x0000000000000258      0x120 build/stm32f4xx_hal_pcd.o
 .debug_ranges  0x0000000000000378       0x28 build/stm32f4xx_hal_pcd_ex.o
 .debug_ranges  0x00000000000003a0      0x188 build/stm32f4xx_ll_usb.o
 .debug_ranges  0x0000000000000528       0x78 build/stm32f4xx_hal_rcc.o
 .debug_ranges  0x00000000000005a0       0x48 build/stm32f4xx_hal_gpio.o
 .debug_ranges  0x00000000000005e8      0x108 build/stm32f4xx_hal_cortex.o
 .debug_ranges  0x00000000000006f0       0xe0 build/stm32f4xx_hal.o
 .debug_ranges  0x00000000000007d0       0x18 build/system_stm32f4xx.o
 .debug_ranges  0x00000000000007e8       0xa8 build/usbd_core.o
 .debug_ranges  0x0000000000000890       0x78 build/usbd_ctlreq.o
 .debug_ranges  0x0000000000000908       0x40 build/usbd_ioreq.o
 .debug_ranges  0x0000000000000948       0x80 build/usbd_cdc.o
 .debug_ranges  0x00000000000009c8       0x18 build/sump.o
 .debug_ranges  0x00000000000009e0       0xc0 build/sampling.o
 .debug_ranges  0x0000000000000aa0       0x20 build/startup_stm32f407xx.o

.debug_line     0x0000000000000000     0x5123
 .debug_line    0x0000000000000000      0x2a8 build/main.o
 .debug_line    0x00000000000002a8      0x27a build/usb_device.o
 .debug_line    0x0000000000000522      0x4e7 build/usbd_conf.o
 .debug_line    0x0000000000000a09      0x2df build/usbd_desc.o
 .debug_line    0x0000000000000ce8      0x2d1 build/usbd_cdc_if.o
 .debug_line    0x0000000000000fb9      0x417 build/stm32f4xx_it.o
 .debug_line    0x00000000000013d0      0x168 build/stm32f4xx_hal_msp.o
 .debug_line    0x0000000000001538      0x724 build/stm32f4xx_hal_pcd.o
 .debug_line    0x0000000000001c5c      0x208 build/stm32f4xx_hal_pcd_ex.o
 .debug_line    0x0000000000001e64      0x8c9 build/stm32f4xx_ll_usb.o
 .debug_line    0x000000000000272d      0x432 build/stm32f4xx_hal_rcc.o
 .debug_line    0x0000000000002b5f      0x388 build/stm32f4xx_hal_gpio.o
 .debug_line    0x0000000000002ee7      0x4c7 build/stm32f4xx_hal_cortex.o
 .debug_line    0x00000000000033ae      0x391 build/stm32f4xx_hal.o
 .debug_line    0x000000000000373f      0x17c build/system_stm32f4xx.o
 .debug_line    0x00000000000038bb      0x448 build/usbd_core.o
 .debug_line    0x0000000000003d03      0x4ae build/usbd_ctlreq.o
 .debug_line    0x00000000000041b1      0x2b2 build/usbd_ioreq.o
 .debug_line    0x0000000000004463      0x460 build/usbd_cdc.o
 .debug_line    0x00000000000048c3      0x2af build/sump.o
 .debug_line    0x0000000000004b72      0x53d build/sampling.o
 .debug_line    0x00000000000050af       0x74 build/startup_stm32f407xx.o

.debug_str      0x0000000000000000     0x3af1
 .debug_str     0x0000000000000000      0x8e7 build/main.o
                                        0x97c (size before relaxing)
 .debug_str     0x00000000000008e7      0x3a1 build/usb_device.o
                                        0xacd (size before relaxing)
 .debug_str     0x0000000000000c88      0xb9e build/usbd_conf.o
                                       0x1778 (size before relaxing)
 .debug_str     0x0000000000001826      0x162 build/usbd_desc.o
                                        0x91a (size before relaxing)
 .debug_str     0x0000000000001988      0x113 build/usbd_cdc_if.o
                                        0xbde (size before relaxing)
 .debug_str     0x0000000000001a9b      0x1c0 build/stm32f4xx_it.o
                                        0xfa1 (size before relaxing)
 .debug_str     0x0000000000001c5b       0x24 build/stm32f4xx_hal_msp.o
                                        0x3cc (size before relaxing)
 .debug_str     0x0000000000001c7f      0x3d7 build/stm32f4xx_hal_pcd.o
                                        0xb6d (size before relaxing)
 .debug_str     0x0000000000002056      0x164 build/stm32f4xx_hal_pcd_ex.o
                                        0x7bb (size before relaxing)
 .debug_str     0x00000000000021ba      0x662 build/stm32f4xx_ll_usb.o
                                        0xcef (size before relaxing)
 .debug_str     0x000000000000281c      0x1f4 build/stm32f4xx_hal_rcc.o
                                        0x754 (size before relaxing)
 .debug_str     0x0000000000002a10      0x14f build/stm32f4xx_hal_gpio.o
                                        0x59d (size before relaxing)
 .debug_str     0x0000000000002b5f      0x4b0 build/stm32f4xx_hal_cortex.o
                                        0xcd7 (size before relaxing)
 .debug_str     0x000000000000300f      0x257 build/stm32f4xx_hal.o
                                        0xb53 (size before relaxing)
 .debug_str     0x0000000000003266       0x42 build/system_stm32f4xx.o
                                        0x401 (size before relaxing)
 .debug_str     0x00000000000032a8      0x1b2 build/usbd_core.o
                                        0xc0f (size before relaxing)
 .debug_str     0x000000000000345a      0x123 build/usbd_ctlreq.o
                                        0xb95 (size before relaxing)
 .debug_str     0x000000000000357d       0xc6 build/usbd_ioreq.o
                                        0xb1d (size before relaxing)
 .debug_str     0x0000000000003643      0x203 build/usbd_cdc.o
                                       0x106b (size before relaxing)
 .debug_str     0x0000000000003846       0x7f build/sump.o
                                        0xaeb (size before relaxing)
 .debug_str     0x00000000000038c5      0x208 build/sampling.o
                                       0x1375 (size before relaxing)
 .debug_str     0x0000000000003acd       0x24 build/startup_stm32f407xx.o
                                         0x47 (size before relaxing)

.comment        0x0000000000000000       0x7f
 .comment       0x0000000000000000       0x7f build/main.o
                                         0x80 (size before relaxing)
 .comment       0x000000000000007f       0x80 build/usb_device.o
 .comment       0x000000000000007f       0x80 build/usbd_conf.o
 .comment       0x000000000000007f       0x80 build/usbd_desc.o
 .comment       0x000000000000007f       0x80 build/usbd_cdc_if.o
 .comment       0x000000000000007f       0x80 build/stm32f4xx_it.o
 .comment       0x000000000000007f       0x80 build/stm32f4xx_hal_msp.o
 .comment       0x000000000000007f       0x80 build/stm32f4xx_hal_pcd.o
 .comment       0x000000000000007f       0x80 build/stm32f4xx_hal_pcd_ex.o
 .comment       0x000000000000007f       0x80 build/stm32f4xx_ll_usb.o
 .comment       0x000000000000007f       0x80 build/stm32f4xx_hal_rcc.o
 .comment       0x000000000000007f       0x80 build/stm32f4xx_hal_gpio.o
 .comment       0x000000000000007f       0x80 build/stm32f4xx_hal_cortex.o
 .comment       0x000000000000007f       0x80 build/stm32f4xx_hal.o
 .comment       0x000000000000007f       0x80 build/system_stm32f4xx.o
 .comment       0x000000000000007f       0x80 build/usbd_core.o
 .comment       0x000000000000007f       0x80 build/usbd_ctlreq.o
 .comment       0x000000000000007f       0x80 build/usbd_ioreq.o
 .comment       0x000000000000007f       0x80 build/usbd_cdc.o
 .comment       0x000000000000007f       0x80 build/sump.o
 .comment       0x000000000000007f       0x80 build/sampling.o

.debug_frame    0x0000000000000000     0x338c
 .debug_frame   0x0000000000000000       0xc8 build/main.o
 .debug_frame   0x00000000000000c8       0x2c build/usb_device.o
 .debug_frame   0x00000000000000f4      0x498 build/usbd_conf.o
 .debug_frame   0x000000000000058c      0x178 build/usbd_desc.o
 .debug_frame   0x0000000000000704       0xc8 build/usbd_cdc_if.o
 .debug_frame   0x00000000000007cc      0x230 build/stm32f4xx_it.o
 .debug_frame   0x00000000000009fc       0x38 build/stm32f4xx_hal_msp.o
 .debug_frame   0x0000000000000a34      0x598 build/stm32f4xx_hal_pcd.o
 .debug_frame   0x0000000000000fcc       0xb0 build/stm32f4xx_hal_pcd_ex.o
 .debug_frame   0x000000000000107c      0x7bc build/stm32f4xx_ll_usb.o
 .debug_frame   0x0000000000001838      0x210 build/stm32f4xx_hal_rcc.o
 .debug_frame   0x0000000000001a48      0x154 build/stm32f4xx_hal_gpio.o
 .debug_frame   0x0000000000001b9c      0x4d4 build/stm32f4xx_hal_cortex.o
 .debug_frame   0x0000000000002070      0x3d8 build/stm32f4xx_hal.o
 .debug_frame   0x0000000000002448       0x5c build/system_stm32f4xx.o
 .debug_frame   0x00000000000024a4      0x330 build/usbd_core.o
 .debug_frame   0x00000000000027d4      0x240 build/usbd_ctlreq.o
 .debug_frame   0x0000000000002a14      0x128 build/usbd_ioreq.o
 .debug_frame   0x0000000000002b3c      0x268 build/usbd_cdc.o
 .debug_frame   0x0000000000002da4       0x60 build/sump.o
 .debug_frame   0x0000000000002e04      0x370 build/sampling.o
 .debug_frame   0x0000000000003174       0x2c /usr/bin/../lib/gcc/arm-none-eabi/7.3.1/../../../../arm-none-eabi/lib/thumb/v7e-m/fpv4-sp/hard/libc_nano.a(lib_a-init.o)
 .debug_frame   0x00000000000031a0       0x30 /usr/bin/../lib/gcc/arm-none-eabi/7.3.1/../../../../arm-none-eabi/lib/thumb/v7e-m/fpv4-sp/hard/libc_nano.a(lib_a-malloc.o)
 .debug_frame   0x00000000000031d0       0x20 /usr/bin/../lib/gcc/arm-none-eabi/7.3.1/../../../../arm-none-eabi/lib/thumb/v7e-m/fpv4-sp/hard/libc_nano.a(lib_a-memset.o)
 .debug_frame   0x00000000000031f0       0x38 /usr/bin/../lib/gcc/arm-none-eabi/7.3.1/../../../../arm-none-eabi/lib/thumb/v7e-m/fpv4-sp/hard/libc_nano.a(lib_a-nano-freer.o)
 .debug_frame   0x0000000000003228       0x2c /usr/bin/../lib/gcc/arm-none-eabi/7.3.1/../../../../arm-none-eabi/lib/thumb/v7e-m/fpv4-sp/hard/libc_nano.a(lib_a-nano-mallocr.o)
 .debug_frame   0x0000000000003254       0x2c /usr/bin/../lib/gcc/arm-none-eabi/7.3.1/../../../../arm-none-eabi/lib/thumb/v7e-m/fpv4-sp/hard/libc_nano.a(lib_a-sbrkr.o)
 .debug_frame   0x0000000000003280       0x30 /usr/bin/../lib/gcc/arm-none-eabi/7.3.1/../../../../arm-none-eabi/lib/thumb/v7e-m/fpv4-sp/hard/libc_nano.a(lib_a-mlock.o)
 .debug_frame   0x00000000000032b0       0x5c /usr/bin/../lib/gcc/arm-none-eabi/7.3.1/../../../../arm-none-eabi/lib/thumb/v7e-m/fpv4-sp/hard/libc_nano.a(lib_a-reent.o)
 .debug_frame   0x000000000000330c       0x20 /usr/bin/../lib/gcc/arm-none-eabi/7.3.1/../../../../arm-none-eabi/lib/thumb/v7e-m/fpv4-sp/hard/libnosys.a(sbrk.o)
 .debug_frame   0x000000000000332c       0x2c /usr/bin/../lib/gcc/arm-none-eabi/7.3.1/thumb/v7e-m/fpv4-sp/hard/libgcc.a(_aeabi_uldivmod.o)
 .debug_frame   0x0000000000003358       0x34 /usr/bin/../lib/gcc/arm-none-eabi/7.3.1/thumb/v7e-m/fpv4-sp/hard/libgcc.a(_udivmoddi4.o)

Cross Reference Table

Symbol                                            File
ADC_IRQHandler                                    build/startup_stm32f407xx.o
AHBPrescTable                                     build/system_stm32f4xx.o
                                                  build/stm32f4xx_hal_rcc.o
APBPrescTable                                     build/system_stm32f4xx.o
                                                  build/stm32f4xx_hal_rcc.o
ActualTransferCount                               build/sampling.o
Arm                                               build/sampling.o
                                                  build/sump.o
BusFault_Handler                                  build/stm32f4xx_it.o
CAN1_RX0_IRQHandler                               build/startup_stm32f407xx.o
CAN1_RX1_IRQHandler                               build/startup_stm32f407xx.o
CAN1_SCE_IRQHandler                               build/startup_stm32f407xx.o
CAN1_TX_IRQHandler                                build/startup_stm32f407xx.o
CAN2_RX0_IRQHandler                               build/startup_stm32f407xx.o
CAN2_RX1_IRQHandler                               build/startup_stm32f407xx.o
CAN2_SCE_IRQHandler                               build/startup_stm32f407xx.o
CAN2_TX_IRQHandler                                build/startup_stm32f407xx.o
CDC_Transmit_FS                                   build/usbd_cdc_if.o
                                                  build/sampling.o
                                                  build/sump.o
CalcDMATransferSize                               build/sampling.o
CalcLocalDivider                                  build/sump.o
DCMI_IRQHandler                                   build/startup_stm32f407xx.o
DMA1_Stream0_IRQHandler                           build/startup_stm32f407xx.o
DMA1_Stream1_IRQHandler                           build/startup_stm32f407xx.o
DMA1_Stream2_IRQHandler                           build/startup_stm32f407xx.o
DMA1_Stream3_IRQHandler                           build/startup_stm32f407xx.o
DMA1_Stream4_IRQHandler                           build/startup_stm32f407xx.o
DMA1_Stream5_IRQHandler                           build/startup_stm32f407xx.o
DMA1_Stream6_IRQHandler                           build/startup_stm32f407xx.o
DMA1_Stream7_IRQHandler                           build/startup_stm32f407xx.o
DMA2_Stream0_IRQHandler                           build/startup_stm32f407xx.o
DMA2_Stream1_IRQHandler                           build/startup_stm32f407xx.o
DMA2_Stream2_IRQHandler                           build/startup_stm32f407xx.o
DMA2_Stream3_IRQHandler                           build/startup_stm32f407xx.o
DMA2_Stream4_IRQHandler                           build/startup_stm32f407xx.o
DMA2_Stream5_IRQHandler                           build/startup_stm32f407xx.o
DMA2_Stream6_IRQHandler                           build/startup_stm32f407xx.o
DMA2_Stream7_IRQHandler                           build/startup_stm32f407xx.o
DebugMon_Handler                                  build/stm32f4xx_it.o
Default_Handler                                   build/startup_stm32f407xx.o
ETH_IRQHandler                                    build/startup_stm32f407xx.o
ETH_WKUP_IRQHandler                               build/startup_stm32f407xx.o
EXTI0_IRQHandler                                  build/stm32f4xx_it.o
EXTI15_10_IRQHandler                              build/startup_stm32f407xx.o
EXTI1_IRQHandler                                  build/stm32f4xx_it.o
EXTI2_IRQHandler                                  build/stm32f4xx_it.o
EXTI3_IRQHandler                                  build/stm32f4xx_it.o
EXTI4_IRQHandler                                  build/stm32f4xx_it.o
EXTI9_5_IRQHandler                                build/stm32f4xx_it.o
EnableChannel                                     build/sampling.o
Error_Handler                                     build/main.o
                                                  build/usbd_conf.o
                                                  build/usb_device.o
FLASH_Erase_Sector                                build/stm32f4xx_hal_flash_ex.o
                                                  build/stm32f4xx_hal_flash.o
FLASH_FlushCaches                                 build/stm32f4xx_hal_flash_ex.o
                                                  build/stm32f4xx_hal_flash.o
FLASH_IRQHandler                                  build/startup_stm32f407xx.o
FLASH_WaitForLastOperation                        build/stm32f4xx_hal_flash.o
                                                  build/stm32f4xx_hal_flash_ex.o
FPU_IRQHandler                                    build/startup_stm32f407xx.o
FSMC_IRQHandler                                   build/startup_stm32f407xx.o
FS_Desc                                           build/usbd_desc.o
                                                  build/usb_device.o
GetBuffer                                         build/sampling.o
GetBufferSize                                     build/sampling.o
GetBufferTail                                     build/sampling.o
GetBufferTailSize                                 build/sampling.o
GetBytesPerTransfer                               build/sampling.o
HAL_DBGMCU_DisableDBGSleepMode                    build/stm32f4xx_hal.o
HAL_DBGMCU_DisableDBGStandbyMode                  build/stm32f4xx_hal.o
HAL_DBGMCU_DisableDBGStopMode                     build/stm32f4xx_hal.o
HAL_DBGMCU_EnableDBGSleepMode                     build/stm32f4xx_hal.o
HAL_DBGMCU_EnableDBGStandbyMode                   build/stm32f4xx_hal.o
HAL_DBGMCU_EnableDBGStopMode                      build/stm32f4xx_hal.o
HAL_DMAEx_ChangeMemory                            build/stm32f4xx_hal_dma_ex.o
HAL_DMAEx_MultiBufferStart                        build/stm32f4xx_hal_dma_ex.o
HAL_DMAEx_MultiBufferStart_IT                     build/stm32f4xx_hal_dma_ex.o
HAL_DMA_Abort                                     build/stm32f4xx_hal_dma.o
HAL_DMA_Abort_IT                                  build/stm32f4xx_hal_dma.o
HAL_DMA_DeInit                                    build/stm32f4xx_hal_dma.o
HAL_DMA_GetError                                  build/stm32f4xx_hal_dma.o
HAL_DMA_GetState                                  build/stm32f4xx_hal_dma.o
HAL_DMA_IRQHandler                                build/stm32f4xx_hal_dma.o
HAL_DMA_Init                                      build/stm32f4xx_hal_dma.o
HAL_DMA_PollForTransfer                           build/stm32f4xx_hal_dma.o
HAL_DMA_RegisterCallback                          build/stm32f4xx_hal_dma.o
HAL_DMA_Start                                     build/stm32f4xx_hal_dma.o
HAL_DMA_Start_IT                                  build/stm32f4xx_hal_dma.o
HAL_DMA_UnRegisterCallback                        build/stm32f4xx_hal_dma.o
HAL_DeInit                                        build/stm32f4xx_hal.o
HAL_Delay                                         build/stm32f4xx_hal.o
                                                  build/stm32f4xx_ll_usb.o
                                                  build/usbd_conf.o
                                                  build/main.o
HAL_DisableCompensationCell                       build/stm32f4xx_hal.o
HAL_EXTI_ClearConfigLine                          build/stm32f4xx_hal_exti.o
HAL_EXTI_ClearPending                             build/stm32f4xx_hal_exti.o
HAL_EXTI_GenerateSWI                              build/stm32f4xx_hal_exti.o
HAL_EXTI_GetConfigLine                            build/stm32f4xx_hal_exti.o
HAL_EXTI_GetHandle                                build/stm32f4xx_hal_exti.o
HAL_EXTI_GetPending                               build/stm32f4xx_hal_exti.o
HAL_EXTI_IRQHandler                               build/stm32f4xx_hal_exti.o
HAL_EXTI_RegisterCallback                         build/stm32f4xx_hal_exti.o
HAL_EXTI_SetConfigLine                            build/stm32f4xx_hal_exti.o
HAL_EnableCompensationCell                        build/stm32f4xx_hal.o
HAL_FLASHEx_Erase                                 build/stm32f4xx_hal_flash_ex.o
HAL_FLASHEx_Erase_IT                              build/stm32f4xx_hal_flash_ex.o
HAL_FLASHEx_OBGetConfig                           build/stm32f4xx_hal_flash_ex.o
HAL_FLASHEx_OBProgram                             build/stm32f4xx_hal_flash_ex.o
HAL_FLASH_EndOfOperationCallback                  build/stm32f4xx_hal_flash.o
HAL_FLASH_GetError                                build/stm32f4xx_hal_flash.o
HAL_FLASH_IRQHandler                              build/stm32f4xx_hal_flash.o
HAL_FLASH_Lock                                    build/stm32f4xx_hal_flash.o
HAL_FLASH_OB_Launch                               build/stm32f4xx_hal_flash.o
HAL_FLASH_OB_Lock                                 build/stm32f4xx_hal_flash.o
HAL_FLASH_OB_Unlock                               build/stm32f4xx_hal_flash.o
HAL_FLASH_OperationErrorCallback                  build/stm32f4xx_hal_flash.o
HAL_FLASH_Program                                 build/stm32f4xx_hal_flash.o
HAL_FLASH_Program_IT                              build/stm32f4xx_hal_flash.o
HAL_FLASH_Unlock                                  build/stm32f4xx_hal_flash.o
HAL_GPIO_DeInit                                   build/stm32f4xx_hal_gpio.o
                                                  build/usbd_conf.o
HAL_GPIO_EXTI_Callback                            build/stm32f4xx_hal_gpio.o
HAL_GPIO_EXTI_IRQHandler                          build/stm32f4xx_hal_gpio.o
HAL_GPIO_Init                                     build/stm32f4xx_hal_gpio.o
                                                  build/stm32f4xx_hal_rcc.o
                                                  build/usbd_conf.o
                                                  build/main.o
HAL_GPIO_LockPin                                  build/stm32f4xx_hal_gpio.o
HAL_GPIO_ReadPin                                  build/stm32f4xx_hal_gpio.o
HAL_GPIO_TogglePin                                build/stm32f4xx_hal_gpio.o
HAL_GPIO_WritePin                                 build/stm32f4xx_hal_gpio.o
HAL_GetDEVID                                      build/stm32f4xx_hal.o
HAL_GetHalVersion                                 build/stm32f4xx_hal.o
HAL_GetREVID                                      build/stm32f4xx_hal.o
HAL_GetTick                                       build/stm32f4xx_hal.o
                                                  build/stm32f4xx_hal_pwr_ex.o
                                                  build/stm32f4xx_hal_dma.o
                                                  build/stm32f4xx_hal_flash.o
                                                  build/stm32f4xx_hal_rcc_ex.o
                                                  build/stm32f4xx_hal_rcc.o
HAL_GetTickFreq                                   build/stm32f4xx_hal.o
HAL_GetTickPrio                                   build/stm32f4xx_hal.o
HAL_GetUIDw0                                      build/stm32f4xx_hal.o
HAL_GetUIDw1                                      build/stm32f4xx_hal.o
HAL_GetUIDw2                                      build/stm32f4xx_hal.o
HAL_IncTick                                       build/stm32f4xx_hal.o
                                                  build/stm32f4xx_it.o
HAL_Init                                          build/stm32f4xx_hal.o
                                                  build/main.o
HAL_InitTick                                      build/stm32f4xx_hal.o
                                                  build/stm32f4xx_hal_rcc_ex.o
                                                  build/stm32f4xx_hal_rcc.o
HAL_MPU_ConfigRegion                              build/stm32f4xx_hal_cortex.o
HAL_MPU_Disable                                   build/stm32f4xx_hal_cortex.o
HAL_MPU_Enable                                    build/stm32f4xx_hal_cortex.o
HAL_MspDeInit                                     build/stm32f4xx_hal.o
HAL_MspInit                                       build/stm32f4xx_hal_msp.o
HAL_NVIC_ClearPendingIRQ                          build/stm32f4xx_hal_cortex.o
HAL_NVIC_DisableIRQ                               build/stm32f4xx_hal_cortex.o
                                                  build/sampling.o
                                                  build/usbd_conf.o
HAL_NVIC_EnableIRQ                                build/stm32f4xx_hal_cortex.o
                                                  build/sampling.o
                                                  build/usbd_conf.o
HAL_NVIC_GetActive                                build/stm32f4xx_hal_cortex.o
HAL_NVIC_GetPendingIRQ                            build/stm32f4xx_hal_cortex.o
HAL_NVIC_GetPriority                              build/stm32f4xx_hal_cortex.o
HAL_NVIC_GetPriorityGrouping                      build/stm32f4xx_hal_cortex.o
HAL_NVIC_SetPendingIRQ                            build/stm32f4xx_hal_cortex.o
HAL_NVIC_SetPriority                              build/stm32f4xx_hal_cortex.o
                                                  build/sampling.o
                                                  build/stm32f4xx_hal.o
                                                  build/usbd_conf.o
HAL_NVIC_SetPriorityGrouping                      build/stm32f4xx_hal_cortex.o
                                                  build/stm32f4xx_hal.o
HAL_NVIC_SystemReset                              build/stm32f4xx_hal_cortex.o
HAL_PCDEx_BCD_Callback                            build/stm32f4xx_hal_pcd_ex.o
HAL_PCDEx_LPM_Callback                            build/stm32f4xx_hal_pcd_ex.o
                                                  build/stm32f4xx_hal_pcd.o
HAL_PCDEx_SetRxFiFo                               build/stm32f4xx_hal_pcd_ex.o
                                                  build/usbd_conf.o
HAL_PCDEx_SetTxFiFo                               build/stm32f4xx_hal_pcd_ex.o
                                                  build/usbd_conf.o
HAL_PCD_ActivateRemoteWakeup                      build/stm32f4xx_hal_pcd.o
HAL_PCD_ConnectCallback                           build/usbd_conf.o
HAL_PCD_DataInStageCallback                       build/usbd_conf.o
HAL_PCD_DataOutStageCallback                      build/usbd_conf.o
HAL_PCD_DeActivateRemoteWakeup                    build/stm32f4xx_hal_pcd.o
HAL_PCD_DeInit                                    build/stm32f4xx_hal_pcd.o
                                                  build/usbd_conf.o
HAL_PCD_DevConnect                                build/stm32f4xx_hal_pcd.o
HAL_PCD_DevDisconnect                             build/stm32f4xx_hal_pcd.o
HAL_PCD_DisconnectCallback                        build/usbd_conf.o
HAL_PCD_EP_Close                                  build/stm32f4xx_hal_pcd.o
                                                  build/usbd_conf.o
HAL_PCD_EP_ClrStall                               build/stm32f4xx_hal_pcd.o
                                                  build/usbd_conf.o
HAL_PCD_EP_Flush                                  build/stm32f4xx_hal_pcd.o
                                                  build/usbd_conf.o
HAL_PCD_EP_GetRxCount                             build/stm32f4xx_hal_pcd.o
                                                  build/usbd_conf.o
HAL_PCD_EP_Open                                   build/stm32f4xx_hal_pcd.o
                                                  build/usbd_conf.o
HAL_PCD_EP_Receive                                build/stm32f4xx_hal_pcd.o
                                                  build/usbd_conf.o
HAL_PCD_EP_SetStall                               build/stm32f4xx_hal_pcd.o
                                                  build/usbd_conf.o
HAL_PCD_EP_Transmit                               build/stm32f4xx_hal_pcd.o
                                                  build/usbd_conf.o
HAL_PCD_GetState                                  build/stm32f4xx_hal_pcd.o
HAL_PCD_IRQHandler                                build/stm32f4xx_hal_pcd.o
                                                  build/stm32f4xx_it.o
HAL_PCD_ISOINIncompleteCallback                   build/usbd_conf.o
HAL_PCD_ISOOUTIncompleteCallback                  build/usbd_conf.o
HAL_PCD_Init                                      build/stm32f4xx_hal_pcd.o
                                                  build/usbd_conf.o
HAL_PCD_MspDeInit                                 build/usbd_conf.o
HAL_PCD_MspInit                                   build/usbd_conf.o
HAL_PCD_ResetCallback                             build/usbd_conf.o
HAL_PCD_ResumeCallback                            build/usbd_conf.o
HAL_PCD_SOFCallback                               build/usbd_conf.o
HAL_PCD_SetAddress                                build/stm32f4xx_hal_pcd.o
                                                  build/usbd_conf.o
HAL_PCD_SetupStageCallback                        build/usbd_conf.o
HAL_PCD_Start                                     build/stm32f4xx_hal_pcd.o
                                                  build/usbd_conf.o
HAL_PCD_Stop                                      build/stm32f4xx_hal_pcd.o
                                                  build/usbd_conf.o
HAL_PCD_SuspendCallback                           build/usbd_conf.o
HAL_PWREx_ControlVoltageScaling                   build/stm32f4xx_hal_pwr_ex.o
HAL_PWREx_DisableBkUpReg                          build/stm32f4xx_hal_pwr_ex.o
HAL_PWREx_DisableFlashPowerDown                   build/stm32f4xx_hal_pwr_ex.o
HAL_PWREx_EnableBkUpReg                           build/stm32f4xx_hal_pwr_ex.o
HAL_PWREx_EnableFlashPowerDown                    build/stm32f4xx_hal_pwr_ex.o
HAL_PWREx_GetVoltageRange                         build/stm32f4xx_hal_pwr_ex.o
HAL_PWR_ConfigPVD                                 build/stm32f4xx_hal_pwr.o
HAL_PWR_DeInit                                    build/stm32f4xx_hal_pwr.o